Initialized native services in: C:\Users\ledan\.gradle\native
Initialized jansi services in: C:\Users\ledan\.gradle\native
To honour the JVM settings for this build a single-use Daemon process will be forked. For more on this, please refer to https://docs.gradle.org/8.13/userguide/gradle_daemon.html#sec:disabling_the_daemon in the Gradle documentation.
Starting process 'Gradle build daemon'. Working directory: C:\Users\ledan\.gradle\daemon\8.13 Command: C:\Program Files\Eclipse Adoptium\jdk-21.0.7.6-hotspot\bin\java.exe --add-opens=java.base/java.lang=ALL-UNNAMED --add-opens=java.base/java.lang.invoke=ALL-UNNAMED --add-opens=java.base/java.util=ALL-UNNAMED --add-opens=java.prefs/java.util.prefs=ALL-UNNAMED --add-exports=jdk.compiler/com.sun.tools.javac.api=ALL-UNNAMED --add-exports=jdk.compiler/com.sun.tools.javac.util=ALL-UNNAMED --add-opens=java.base/java.util=ALL-UNNAMED --add-opens=java.prefs/java.util.prefs=ALL-UNNAMED --add-opens=java.base/java.nio.charset=ALL-UNNAMED --add-opens=java.base/java.net=ALL-UNNAMED --add-opens=java.base/java.util.concurrent.atomic=ALL-UNNAMED --add-opens=java.xml/javax.xml.namespace=ALL-UNNAMED -Xmx2048m -Dfile.encoding=UTF-8 -Duser.country=US -Duser.language=en -Duser.variant -cp C:\Users\ledan\.gradle\wrapper\dists\gradle-8.13-bin\5xuhj0ry160q40clulazy9h7d\gradle-8.13\lib\gradle-daemon-main-8.13.jar -javaagent:C:\Users\ledan\.gradle\wrapper\dists\gradle-8.13-bin\5xuhj0ry160q40clulazy9h7d\gradle-8.13\lib\agents\gradle-instrumentation-agent-8.13.jar org.gradle.launcher.daemon.bootstrap.GradleDaemon 8.13
Successfully started process 'Gradle build daemon'
An attempt to start the daemon took 1.7 secs.
The client will now receive all logging from the daemon (pid: 36240). The daemon log file: C:\Users\ledan\.gradle\daemon\8.13\daemon-36240.out.log
Daemon will be stopped at the end of the build 
Using 8 worker leases.
Received JVM installation metadata from 'C:\Program Files\Eclipse Adoptium\jdk-21.0.7.6-hotspot': {JAVA_HOME=C:\Program Files\Eclipse Adoptium\jdk-21.0.7.6-hotspot, JAVA_VERSION=21.0.7, JAVA_VENDOR=Eclipse Adoptium, RUNTIME_NAME=OpenJDK Runtime Environment, RUNTIME_VERSION=21.0.7+6-LTS, VM_NAME=OpenJDK 64-Bit Server VM, VM_VERSION=21.0.7+6-LTS, VM_VENDOR=Eclipse Adoptium, OS_ARCH=amd64}
Watching the file system is configured to be enabled if available
Now considering [C:\Users\ledan\Documents\GitHub\NT118_EnglishVocabApp] as hierarchies to watch
File system watching is active
Starting Build
Settings evaluated using settings file 'C:\Users\ledan\Documents\GitHub\NT118_EnglishVocabApp\settings.gradle.kts'.
Projects loaded. Root project using build file 'C:\Users\ledan\Documents\GitHub\NT118_EnglishVocabApp\build.gradle.kts'.
Included projects: [root project 'NT118_EnglishVocabApp', project ':app']

> Configure project :
Evaluating root project 'NT118_EnglishVocabApp' using build file 'C:\Users\ledan\Documents\GitHub\NT118_EnglishVocabApp\build.gradle.kts'.
Resolved plugin [id: 'com.android.application', version: '8.11.2', apply: false]

> Configure project :app
Evaluating project ':app' using build file 'C:\Users\ledan\Documents\GitHub\NT118_EnglishVocabApp\app\build.gradle.kts'.
Resolved plugin [id: 'com.android.application', version: '8.11.2']
Using default execution profile
All projects evaluated.
Task name matched 'assembleDebug'
Selected primary task 'assembleDebug' from project :
Tasks to be executed: [task ':app:preBuild', task ':app:preDebugBuild', task ':app:mergeDebugNativeDebugMetadata', task ':app:dataBindingMergeDependencyArtifactsDebug', task ':app:generateDebugResValues', task ':app:generateDebugResources', task ':app:mergeDebugResources', task ':app:packageDebugResources', task ':app:parseDebugLocalResources', task ':app:dataBindingGenBaseClassesDebug', task ':app:javaPreCompileDebug', task ':app:checkDebugAarMetadata', task ':app:mapDebugSourceSetPaths', task ':app:createDebugCompatibleScreenManifests', task ':app:extractDeepLinksDebug', task ':app:processDebugMainManifest', task ':app:processDebugManifest', task ':app:processDebugManifestForPackage', task ':app:processDebugResources', task ':app:compileDebugJavaWithJavac', task ':app:mergeDebugShaders', task ':app:compileDebugShaders', task ':app:generateDebugAssets', task ':app:mergeDebugAssets', task ':app:compressDebugAssets', task ':app:processDebugJavaRes', task ':app:mergeDebugJavaResource', task ':app:checkDebugDuplicateClasses', task ':app:desugarDebugFileDependencies', task ':app:mergeExtDexDebug', task ':app:mergeLibDexDebug', task ':app:dexBuilderDebug', task ':app:mergeProjectDexDebug', task ':app:mergeDebugJniLibFolders', task ':app:mergeDebugNativeLibs', task ':app:stripDebugDebugSymbols', task ':app:validateSigningDebug', task ':app:writeDebugAppMetadata', task ':app:writeDebugSigningConfigVersions', task ':app:packageDebug', task ':app:createDebugApkListingFileRedirect', task ':app:assembleDebug']
Tasks that were excluded: []
Resolve mutations for :app:preBuild (Thread[#78,Execution worker Thread 3,5,main]) started.
:app:preBuild (Thread[#78,Execution worker Thread 3,5,main]) started.

> Task :app:preBuild UP-TO-DATE
Skipping task ':app:preBuild' as it has no actions.
Resolve mutations for :app:preDebugBuild (Thread[#78,Execution worker Thread 3,5,main]) started.
:app:preDebugBuild (Thread[#78,Execution worker Thread 3,5,main]) started.

> Task :app:preDebugBuild UP-TO-DATE
Skipping task ':app:preDebugBuild' as it has no actions.
Resolve mutations for :app:mergeDebugNativeDebugMetadata (Thread[#75,included builds,5,main]) started.
:app:mergeDebugNativeDebugMetadata (Thread[#75,included builds,5,main]) started.

> Task :app:mergeDebugNativeDebugMetadata NO-SOURCE
Skipping task ':app:mergeDebugNativeDebugMetadata' as it has no source files and no previous output files.
Resolve mutations for :app:dataBindingMergeDependencyArtifactsDebug (Thread[#75,included builds,5,main]) started.
:app:dataBindingMergeDependencyArtifactsDebug (Thread[#75,included builds,5,main]) started.

> Task :app:dataBindingMergeDependencyArtifactsDebug UP-TO-DATE
Caching disabled for task ':app:dataBindingMergeDependencyArtifactsDebug' because:
  Build cache is disabled
  Caching has been disabled for the task
Skipping task ':app:dataBindingMergeDependencyArtifactsDebug' as it is up-to-date.
Resolve mutations for :app:generateDebugResValues (Thread[#75,included builds,5,main]) started.
:app:generateDebugResValues (Thread[#75,included builds,5,main]) started.

> Task :app:generateDebugResValues UP-TO-DATE
Caching disabled for task ':app:generateDebugResValues' because:
  Build cache is disabled
Skipping task ':app:generateDebugResValues' as it is up-to-date.
Resolve mutations for :app:generateDebugResources (Thread[#75,included builds,5,main]) started.
:app:generateDebugResources (Thread[#75,included builds,5,main]) started.

> Task :app:generateDebugResources UP-TO-DATE
Caching disabled for task ':app:generateDebugResources' because:
  Build cache is disabled
Skipping task ':app:generateDebugResources' as it is up-to-date.
Resolve mutations for :app:mergeDebugResources (Thread[#75,included builds,5,main]) started.
:app:mergeDebugResources (Thread[#75,included builds,5,main]) started.

> Task :app:mergeDebugResources UP-TO-DATE
Caching disabled for task ':app:mergeDebugResources' because:
  Build cache is disabled
Skipping task ':app:mergeDebugResources' as it is up-to-date.
Resolve mutations for :app:packageDebugResources (Thread[#75,included builds,5,main]) started.
:app:packageDebugResources (Thread[#75,included builds,5,main]) started.

> Task :app:packageDebugResources UP-TO-DATE
Caching disabled for task ':app:packageDebugResources' because:
  Build cache is disabled
Skipping task ':app:packageDebugResources' as it is up-to-date.
Resolve mutations for :app:parseDebugLocalResources (Thread[#75,included builds,5,main]) started.
:app:parseDebugLocalResources (Thread[#75,included builds,5,main]) started.
Resolve mutations for :app:javaPreCompileDebug (Thread[#76,Execution worker,5,main]) started.
:app:javaPreCompileDebug (Thread[#76,Execution worker,5,main]) started.

> Task :app:javaPreCompileDebug UP-TO-DATE
Caching disabled for task ':app:javaPreCompileDebug' because:
  Build cache is disabled
Skipping task ':app:javaPreCompileDebug' as it is up-to-date.
Resolve mutations for :app:checkDebugAarMetadata (Thread[#76,Execution worker,5,main]) started.
:app:checkDebugAarMetadata (Thread[#76,Execution worker,5,main]) started.

> Task :app:checkDebugAarMetadata UP-TO-DATE
Caching disabled for task ':app:checkDebugAarMetadata' because:
  Build cache is disabled
  Caching has been disabled for the task
Skipping task ':app:checkDebugAarMetadata' as it is up-to-date.
Resolve mutations for :app:mapDebugSourceSetPaths (Thread[#76,Execution worker,5,main]) started.
:app:mapDebugSourceSetPaths (Thread[#78,Execution worker Thread 3,5,main]) started.

> Task :app:mapDebugSourceSetPaths UP-TO-DATE
Caching disabled for task ':app:mapDebugSourceSetPaths' because:
  Build cache is disabled
  Caching has been disabled for the task
Skipping task ':app:mapDebugSourceSetPaths' as it is up-to-date.
Resolve mutations for :app:createDebugCompatibleScreenManifests (Thread[#78,Execution worker Thread 3,5,main]) started.
:app:createDebugCompatibleScreenManifests (Thread[#78,Execution worker Thread 3,5,main]) started.

> Task :app:createDebugCompatibleScreenManifests UP-TO-DATE
Caching disabled for task ':app:createDebugCompatibleScreenManifests' because:
  Build cache is disabled
  Caching has been disabled for the task
Skipping task ':app:createDebugCompatibleScreenManifests' as it is up-to-date.
Resolve mutations for :app:extractDeepLinksDebug (Thread[#78,Execution worker Thread 3,5,main]) started.
:app:extractDeepLinksDebug (Thread[#78,Execution worker Thread 3,5,main]) started.

> Task :app:extractDeepLinksDebug UP-TO-DATE
Caching disabled for task ':app:extractDeepLinksDebug' because:
  Build cache is disabled
Skipping task ':app:extractDeepLinksDebug' as it is up-to-date.
Resolve mutations for :app:processDebugMainManifest (Thread[#78,Execution worker Thread 3,5,main]) started.
:app:processDebugMainManifest (Thread[#78,Execution worker Thread 3,5,main]) started.

> Task :app:parseDebugLocalResources FAILED
Caching disabled for task ':app:parseDebugLocalResources' because:
  Build cache is disabled
Task ':app:parseDebugLocalResources' is not up-to-date because:
  Input property 'inputResourcesDir' file C:\Users\ledan\Documents\GitHub\NT118_EnglishVocabApp\app\build\intermediates\packaged_res\debug\packageDebugResources\drawable-night-v8\circle_avatar_bg.xml has changed.
  Input property 'inputResourcesDir' file C:\Users\ledan\Documents\GitHub\NT118_EnglishVocabApp\app\build\intermediates\packaged_res\debug\packageDebugResources\layout\fragment_account.xml has changed.
  Input property 'inputResourcesDir' file C:\Users\ledan\Documents\GitHub\NT118_EnglishVocabApp\app\build\intermediates\packaged_res\debug\packageDebugResources\values-night-v8\values-night-v8.xml has changed.
[Fatal Error] circle_avatar_bg.xml:1:1: Premature end of file.

> Task :app:processDebugMainManifest
Caching disabled for task ':app:processDebugMainManifest' because:
  Build cache is disabled
Task ':app:processDebugMainManifest' is not up-to-date because:
  Value of input property 'optionalFeatures' has changed for task ':app:processDebugMainManifest'
Loading library manifest C:\Users\ledan\.gradle\caches\8.13\transforms\de8a38593f4bfe7324c56aab736d38e3\transformed\viewbinding-8.11.2\AndroidManifest.xml
Loading library manifest C:\Users\ledan\.gradle\caches\8.13\transforms\ea3c9e256c1a24a64db92b4057e3419f\transformed\navigation-common-2.6.0\AndroidManifest.xml
Loading library manifest C:\Users\ledan\.gradle\caches\8.13\transforms\de609d3d0aad7ac61c0eae901c636104\transformed\navigation-runtime-2.6.0\AndroidManifest.xml
Loading library manifest C:\Users\ledan\.gradle\caches\8.13\transforms\c107a0063b238206d46bd03aef54beb9\transformed\navigation-fragment-2.6.0\AndroidManifest.xml
Loading library manifest C:\Users\ledan\.gradle\caches\8.13\transforms\4a297de54fcd9db833fd1ef3f3b5c68a\transformed\navigation-ui-2.6.0\AndroidManifest.xml
Loading library manifest C:\Users\ledan\.gradle\caches\8.13\transforms\d22590f8e0d036a7eae8ebfc8b4e220e\transformed\material-1.13.0\AndroidManifest.xml
Loading library manifest C:\Users\ledan\.gradle\caches\8.13\transforms\98493ab41d87594f873687f6a952c522\transformed\constraintlayout-2.2.1\AndroidManifest.xml
Loading library manifest C:\Users\ledan\.gradle\caches\8.13\transforms\e94a8906af01b4c747f1ca5aa0115300\transformed\appcompat-resources-1.7.1\AndroidManifest.xml
Loading library manifest C:\Users\ledan\.gradle\caches\8.13\transforms\0d32ff630b26f79d41e889dc70e68760\transformed\appcompat-1.7.1\AndroidManifest.xml
Loading library manifest C:\Users\ledan\.gradle\caches\8.13\transforms\8a098a839d005667347ccab66787b200\transformed\viewpager2-1.0.0\AndroidManifest.xml
Loading library manifest C:\Users\ledan\.gradle\caches\8.13\transforms\98323d2a308ff43fc757dd49635e30c8\transformed\fragment-1.6.0\AndroidManifest.xml
Loading library manifest C:\Users\ledan\.gradle\caches\8.13\transforms\138850bc6cf4eb8355059e08db71864c\transformed\fragment-ktx-1.6.0\AndroidManifest.xml
Loading library manifest C:\Users\ledan\.gradle\caches\8.13\transforms\431d0c547cc76cf0d90c1f863c437c39\transformed\emoji2-views-helper-1.3.0\AndroidManifest.xml
Loading library manifest C:\Users\ledan\.gradle\caches\8.13\transforms\6366c39bfc40ba950f0393ceecdafde0\transformed\emoji2-1.3.0\AndroidManifest.xml
Loading library manifest C:\Users\ledan\.gradle\caches\8.13\transforms\3b99bfb00cf29c53a3089f3a2019c980\transformed\activity-ktx-1.8.0\AndroidManifest.xml
Loading library manifest C:\Users\ledan\.gradle\caches\8.13\transforms\dc2be36ca307dc796c4162bd09299515\transformed\activity-1.8.0\AndroidManifest.xml
Loading library manifest C:\Users\ledan\.gradle\caches\8.13\transforms\f6317ee706132105d40c78862742268f\transformed\lifecycle-runtime-ktx\AndroidManifest.xml
Loading library manifest C:\Users\ledan\.gradle\caches\8.13\transforms\2c7b1c6aeb535a7637ec42640f6ebcec\transformed\savedstate-ktx-1.3.1\AndroidManifest.xml
Loading library manifest C:\Users\ledan\.gradle\caches\8.13\transforms\23ef9b4ac6de657f28f1b64aa0333355\transformed\savedstate-release\AndroidManifest.xml
Loading library manifest C:\Users\ledan\.gradle\caches\8.13\transforms\46d5f4e4de038e95c753680e3ba534d9\transformed\lifecycle-viewmodel-savedstate-release\AndroidManifest.xml
Loading library manifest C:\Users\ledan\.gradle\caches\8.13\transforms\29c96c6e9434ba0bf4e5bc6fa54d3afa\transformed\loader-1.0.0\AndroidManifest.xml
Loading library manifest C:\Users\ledan\.gradle\caches\8.13\transforms\7c2b1150657e37cdfcdfc3d9324f490b\transformed\lifecycle-viewmodel-2.9.2\AndroidManifest.xml
Loading library manifest C:\Users\ledan\.gradle\caches\8.13\transforms\30ce11c161ce40e0d8e2f68443b881ef\transformed\lifecycle-viewmodel-release\AndroidManifest.xml
Loading library manifest C:\Users\ledan\.gradle\caches\8.13\transforms\8c16644e111052c1f80228703fe9069f\transformed\drawerlayout-1.1.1\AndroidManifest.xml
Loading library manifest C:\Users\ledan\.gradle\caches\8.13\transforms\1ba28d803f0234c9643694849ebf3f3b\transformed\coordinatorlayout-1.1.0\AndroidManifest.xml
Loading library manifest C:\Users\ledan\.gradle\caches\8.13\transforms\e89ca862c66290bafa1956d87d3446d4\transformed\slidingpanelayout-1.2.0\AndroidManifest.xml
Loading library manifest C:\Users\ledan\.gradle\caches\8.13\transforms\3ccce2a296f05831e16478ec76f587eb\transformed\transition-1.5.0\AndroidManifest.xml
Loading library manifest C:\Users\ledan\.gradle\caches\8.13\transforms\35a2d539d8e7ee1b4f94f3dbef5cca0c\transformed\dynamicanimation-1.1.0\AndroidManifest.xml
Loading library manifest C:\Users\ledan\.gradle\caches\8.13\transforms\8b1b286a5f675053ede25f9906c17e8e\transformed\recyclerview-1.2.1\AndroidManifest.xml
Loading library manifest C:\Users\ledan\.gradle\caches\8.13\transforms\4cf78e5712b30e8040003f92acc64518\transformed\vectordrawable-animated-1.1.0\AndroidManifest.xml
Loading library manifest C:\Users\ledan\.gradle\caches\8.13\transforms\bf29beb92bdcd5d7f3855d30c28b83fd\transformed\vectordrawable-1.1.0\AndroidManifest.xml
Loading library manifest C:\Users\ledan\.gradle\caches\8.13\transforms\f37b8229988f6f950cdc1cdd1792c2fe\transformed\viewpager-1.0.0\AndroidManifest.xml
Loading library manifest C:\Users\ledan\.gradle\caches\8.13\transforms\765bf39589e44fbc0720fc8b657b4b5d\transformed\customview-1.1.0\AndroidManifest.xml
Loading library manifest C:\Users\ledan\.gradle\caches\8.13\transforms\4e09dfaceba9d6ab9162c209e4a24254\transformed\window-1.0.0\AndroidManifest.xml
Loading library manifest C:\Users\ledan\.gradle\caches\8.13\transforms\a63be352d6caa0cf109c25a78403196a\transformed\graphics-shapes-release\AndroidManifest.xml
Loading library manifest C:\Users\ledan\.gradle\caches\8.13\transforms\7db70dd446989b19d03b2199fb0beec8\transformed\core-ktx-1.13.1\AndroidManifest.xml
Loading library manifest C:\Users\ledan\.gradle\caches\8.13\transforms\c48d0df8fb002c7c71ca6a4e11d91cab\transformed\core-1.13.1\AndroidManifest.xml
Loading library manifest C:\Users\ledan\.gradle\caches\8.13\transforms\766d4e7a754032fbfe0909cae9f1f17d\transformed\lifecycle-runtime-release\AndroidManifest.xml
Loading library manifest C:\Users\ledan\.gradle\caches\8.13\transforms\68d4ad3f20afefab59f83740b5eb3e89\transformed\lifecycle-livedata-core-2.9.2\AndroidManifest.xml
Loading library manifest C:\Users\ledan\.gradle\caches\8.13\transforms\e4adb96f484392ceea165fa52c6da6a9\transformed\lifecycle-process-2.9.2\AndroidManifest.xml
Loading library manifest C:\Users\ledan\.gradle\caches\8.13\transforms\1865b519128c66a2da9635ec0ceccd57\transformed\lifecycle-livedata-core-ktx-2.9.2\AndroidManifest.xml
Loading library manifest C:\Users\ledan\.gradle\caches\8.13\transforms\c62a2e25caa35df1687cce8576f93322\transformed\lifecycle-livedata-2.9.2\AndroidManifest.xml
Loading library manifest C:\Users\ledan\.gradle\caches\8.13\transforms\e479bceaa2769a80ea6b5c7799082cae\transformed\lifecycle-viewmodel-ktx-2.9.2\AndroidManifest.xml
Loading library manifest C:\Users\ledan\.gradle\caches\8.13\transforms\affddeb8e56c7b2c4a968cf1faded32d\transformed\lifecycle-livedata-ktx-2.9.2\AndroidManifest.xml
Loading library manifest C:\Users\ledan\.gradle\caches\8.13\transforms\4a2df5a340ce15de4b273b6242f9c8b6\transformed\security-crypto-1.1.0-alpha06\AndroidManifest.xml
Loading library manifest C:\Users\ledan\.gradle\caches\8.13\transforms\3bac812085067b685901e714efc44de5\transformed\cursoradapter-1.0.0\AndroidManifest.xml
Loading library manifest C:\Users\ledan\.gradle\caches\8.13\transforms\76f33f69255af8902fd61e64a10f27e4\transformed\cardview-1.0.0\AndroidManifest.xml
Loading library manifest C:\Users\ledan\.gradle\caches\8.13\transforms\f3a8c60729aca47d9514eb3fb704a4be\transformed\profileinstaller-1.4.0\AndroidManifest.xml
Loading library manifest C:\Users\ledan\.gradle\caches\8.13\transforms\60ac4a03f3057eb1b85f695cbea2edc3\transformed\startup-runtime-1.1.1\AndroidManifest.xml
Loading library manifest C:\Users\ledan\.gradle\caches\8.13\transforms\34347c3d543a0554bb43ee9de7dd1cda\transformed\tracing-1.0.0\AndroidManifest.xml
Loading library manifest C:\Users\ledan\.gradle\caches\8.13\transforms\4e6c0b5b6d2bb927d0e79a8ca369b3c6\transformed\interpolator-1.0.0\AndroidManifest.xml
Loading library manifest C:\Users\ledan\.gradle\caches\8.13\transforms\d4c5a00dc7b4ff54d1fe16dd7fa1679b\transformed\core-runtime-2.2.0\AndroidManifest.xml
Loading library manifest C:\Users\ledan\.gradle\caches\8.13\transforms\9f6ca01dd48d15d784b7a6e5060a30d3\transformed\versionedparcelable-1.1.1\AndroidManifest.xml
Loading library manifest C:\Users\ledan\.gradle\caches\8.13\transforms\8ee0af647196e40e4bbec177e04e34d5\transformed\annotation-experimental-1.4.1\AndroidManifest.xml
Loading library manifest C:\Users\ledan\.gradle\caches\8.13\transforms\37a58a7032f6b692d685c1a00e1b70ca\transformed\core-viewtree-1.0.0\AndroidManifest.xml
Merging main manifest C:\Users\ledan\Documents\GitHub\NT118_EnglishVocabApp\app\src\main\AndroidManifest.xml

Merging library manifest C:\Users\ledan\.gradle\caches\8.13\transforms\de8a38593f4bfe7324c56aab736d38e3\transformed\viewbinding-8.11.2\AndroidManifest.xml
Merging manifest with lower [androidx.databinding:viewbinding:8.11.2] AndroidManifest.xml:2:1-7:12
uses-sdk defined in both files...
Merging uses-sdk with lower [androidx.databinding:viewbinding:8.11.2] AndroidManifest.xml:5:5-44
Merging library manifest C:\Users\ledan\.gradle\caches\8.13\transforms\ea3c9e256c1a24a64db92b4057e3419f\transformed\navigation-common-2.6.0\AndroidManifest.xml
Merging manifest with lower [androidx.navigation:navigation-common:2.6.0] AndroidManifest.xml:17:1-22:12
uses-sdk defined in both files...
Merging uses-sdk with lower [androidx.navigation:navigation-common:2.6.0] AndroidManifest.xml:20:5-44
Merging library manifest C:\Users\ledan\.gradle\caches\8.13\transforms\de609d3d0aad7ac61c0eae901c636104\transformed\navigation-runtime-2.6.0\AndroidManifest.xml
Merging manifest with lower [androidx.navigation:navigation-runtime:2.6.0] AndroidManifest.xml:17:1-22:12
uses-sdk defined in both files...
Merging uses-sdk with lower [androidx.navigation:navigation-runtime:2.6.0] AndroidManifest.xml:20:5-44
Merging library manifest C:\Users\ledan\.gradle\caches\8.13\transforms\c107a0063b238206d46bd03aef54beb9\transformed\navigation-fragment-2.6.0\AndroidManifest.xml
Merging manifest with lower [androidx.navigation:navigation-fragment:2.6.0] AndroidManifest.xml:17:1-22:12
uses-sdk defined in both files...
Merging uses-sdk with lower [androidx.navigation:navigation-fragment:2.6.0] AndroidManifest.xml:20:5-44
Merging library manifest C:\Users\ledan\.gradle\caches\8.13\transforms\4a297de54fcd9db833fd1ef3f3b5c68a\transformed\navigation-ui-2.6.0\AndroidManifest.xml
Merging manifest with lower [androidx.navigation:navigation-ui:2.6.0] AndroidManifest.xml:17:1-22:12
uses-sdk defined in both files...
Merging uses-sdk with lower [androidx.navigation:navigation-ui:2.6.0] AndroidManifest.xml:20:5-44
Merging library manifest C:\Users\ledan\.gradle\caches\8.13\transforms\d22590f8e0d036a7eae8ebfc8b4e220e\transformed\material-1.13.0\AndroidManifest.xml
Merging manifest with lower [com.google.android.material:material:1.13.0] AndroidManifest.xml:17:1-24:12
uses-sdk defined in both files...
Merging uses-sdk with lower [com.google.android.material:material:1.13.0] AndroidManifest.xml:20:5-44
application defined in both files...
Merging application with lower [com.google.android.material:material:1.13.0] AndroidManifest.xml:22:5-20
Merging library manifest C:\Users\ledan\.gradle\caches\8.13\transforms\98493ab41d87594f873687f6a952c522\transformed\constraintlayout-2.2.1\AndroidManifest.xml
Merging manifest with lower [androidx.constraintlayout:constraintlayout:2.2.1] AndroidManifest.xml:2:1-9:12
uses-sdk defined in both files...
Merging uses-sdk with lower [androidx.constraintlayout:constraintlayout:2.2.1] AndroidManifest.xml:5:5-44
application defined in both files...
Merging application with lower [androidx.constraintlayout:constraintlayout:2.2.1] AndroidManifest.xml:7:5-20
Merging library manifest C:\Users\ledan\.gradle\caches\8.13\transforms\e94a8906af01b4c747f1ca5aa0115300\transformed\appcompat-resources-1.7.1\AndroidManifest.xml
Merging manifest with lower [androidx.appcompat:appcompat-resources:1.7.1] AndroidManifest.xml:2:1-7:12
uses-sdk defined in both files...
Merging uses-sdk with lower [androidx.appcompat:appcompat-resources:1.7.1] AndroidManifest.xml:5:5-44
Merging library manifest C:\Users\ledan\.gradle\caches\8.13\transforms\0d32ff630b26f79d41e889dc70e68760\transformed\appcompat-1.7.1\AndroidManifest.xml
Merging manifest with lower [androidx.appcompat:appcompat:1.7.1] AndroidManifest.xml:2:1-7:12
uses-sdk defined in both files...
Merging uses-sdk with lower [androidx.appcompat:appcompat:1.7.1] AndroidManifest.xml:5:5-44
Merging library manifest C:\Users\ledan\.gradle\caches\8.13\transforms\8a098a839d005667347ccab66787b200\transformed\viewpager2-1.0.0\AndroidManifest.xml
Merging manifest with lower [androidx.viewpager2:viewpager2:1.0.0] AndroidManifest.xml:17:1-24:12
uses-sdk defined in both files...
Merging uses-sdk with lower [androidx.viewpager2:viewpager2:1.0.0] AndroidManifest.xml:20:5-22:41
Merging library manifest C:\Users\ledan\.gradle\caches\8.13\transforms\98323d2a308ff43fc757dd49635e30c8\transformed\fragment-1.6.0\AndroidManifest.xml
Merging manifest with lower [androidx.fragment:fragment:1.6.0] AndroidManifest.xml:17:1-22:12
uses-sdk defined in both files...
Merging uses-sdk with lower [androidx.fragment:fragment:1.6.0] AndroidManifest.xml:20:5-44
Merging library manifest C:\Users\ledan\.gradle\caches\8.13\transforms\138850bc6cf4eb8355059e08db71864c\transformed\fragment-ktx-1.6.0\AndroidManifest.xml
Merging manifest with lower [androidx.fragment:fragment-ktx:1.6.0] AndroidManifest.xml:17:1-22:12
uses-sdk defined in both files...
Merging uses-sdk with lower [androidx.fragment:fragment-ktx:1.6.0] AndroidManifest.xml:20:5-44
Merging library manifest C:\Users\ledan\.gradle\caches\8.13\transforms\431d0c547cc76cf0d90c1f863c437c39\transformed\emoji2-views-helper-1.3.0\AndroidManifest.xml
Merging manifest with lower [androidx.emoji2:emoji2-views-helper:1.3.0] AndroidManifest.xml:2:1-7:12
uses-sdk defined in both files...
Merging uses-sdk with lower [androidx.emoji2:emoji2-views-helper:1.3.0] AndroidManifest.xml:5:5-44
Merging library manifest C:\Users\ledan\.gradle\caches\8.13\transforms\6366c39bfc40ba950f0393ceecdafde0\transformed\emoji2-1.3.0\AndroidManifest.xml
Merging manifest with lower [androidx.emoji2:emoji2:1.3.0] AndroidManifest.xml:17:1-35:12
uses-sdk defined in both files...
Merging uses-sdk with lower [androidx.emoji2:emoji2:1.3.0] AndroidManifest.xml:21:5-44
application defined in both files...
Merging application with lower [androidx.emoji2:emoji2:1.3.0] AndroidManifest.xml:23:5-33:19
Adopted [provider: null]
Merging library manifest C:\Users\ledan\.gradle\caches\8.13\transforms\3b99bfb00cf29c53a3089f3a2019c980\transformed\activity-ktx-1.8.0\AndroidManifest.xml
Merging manifest with lower [androidx.activity:activity-ktx:1.8.0] AndroidManifest.xml:2:1-7:12
uses-sdk defined in both files...
Merging uses-sdk with lower [androidx.activity:activity-ktx:1.8.0] AndroidManifest.xml:5:5-44
Merging library manifest C:\Users\ledan\.gradle\caches\8.13\transforms\dc2be36ca307dc796c4162bd09299515\transformed\activity-1.8.0\AndroidManifest.xml
Merging manifest with lower [androidx.activity:activity:1.8.0] AndroidManifest.xml:17:1-22:12
uses-sdk defined in both files...
Merging uses-sdk with lower [androidx.activity:activity:1.8.0] AndroidManifest.xml:20:5-44
Merging library manifest C:\Users\ledan\.gradle\caches\8.13\transforms\f6317ee706132105d40c78862742268f\transformed\lifecycle-runtime-ktx\AndroidManifest.xml
Merging manifest with lower [androidx.lifecycle:lifecycle-runtime-ktx-android:2.9.2] AndroidManifest.xml:2:1-7:12
uses-sdk defined in both files...
Merging uses-sdk with lower [androidx.lifecycle:lifecycle-runtime-ktx-android:2.9.2] AndroidManifest.xml:5:5-44
Merging library manifest C:\Users\ledan\.gradle\caches\8.13\transforms\2c7b1c6aeb535a7637ec42640f6ebcec\transformed\savedstate-ktx-1.3.1\AndroidManifest.xml
Merging manifest with lower [androidx.savedstate:savedstate-ktx:1.3.1] AndroidManifest.xml:2:1-7:12
uses-sdk defined in both files...
Merging uses-sdk with lower [androidx.savedstate:savedstate-ktx:1.3.1] AndroidManifest.xml:5:5-44
Merging library manifest C:\Users\ledan\.gradle\caches\8.13\transforms\23ef9b4ac6de657f28f1b64aa0333355\transformed\savedstate-release\AndroidManifest.xml
Merging manifest with lower [androidx.savedstate:savedstate-android:1.3.1] AndroidManifest.xml:17:1-22:12
uses-sdk defined in both files...
Merging uses-sdk with lower [androidx.savedstate:savedstate-android:1.3.1] AndroidManifest.xml:20:5-44
Merging library manifest C:\Users\ledan\.gradle\caches\8.13\transforms\46d5f4e4de038e95c753680e3ba534d9\transformed\lifecycle-viewmodel-savedstate-release\AndroidManifest.xml
Merging manifest with lower [androidx.lifecycle:lifecycle-viewmodel-savedstate-android:2.9.2] AndroidManifest.xml:17:1-22:12
uses-sdk defined in both files...
Merging uses-sdk with lower [androidx.lifecycle:lifecycle-viewmodel-savedstate-android:2.9.2] AndroidManifest.xml:20:5-44
Merging library manifest C:\Users\ledan\.gradle\caches\8.13\transforms\29c96c6e9434ba0bf4e5bc6fa54d3afa\transformed\loader-1.0.0\AndroidManifest.xml
Merging manifest with lower [androidx.loader:loader:1.0.0] AndroidManifest.xml:17:1-22:12
uses-sdk defined in both files...
Merging uses-sdk with lower [androidx.loader:loader:1.0.0] AndroidManifest.xml:20:5-44
Merging library manifest C:\Users\ledan\.gradle\caches\8.13\transforms\7c2b1150657e37cdfcdfc3d9324f490b\transformed\lifecycle-viewmodel-2.9.2\AndroidManifest.xml
Merging manifest with lower [androidx.lifecycle:lifecycle-viewmodel:2.9.2] AndroidManifest.xml:2:1-5:12
uses-sdk defined in both files...
Merging uses-sdk with lower [androidx.lifecycle:lifecycle-viewmodel:2.9.2] AndroidManifest.xml:4:5-43
Merging library manifest C:\Users\ledan\.gradle\caches\8.13\transforms\30ce11c161ce40e0d8e2f68443b881ef\transformed\lifecycle-viewmodel-release\AndroidManifest.xml
Merging manifest with lower [androidx.lifecycle:lifecycle-viewmodel-android:2.9.2] AndroidManifest.xml:17:1-22:12
uses-sdk defined in both files...
Merging uses-sdk with lower [androidx.lifecycle:lifecycle-viewmodel-android:2.9.2] AndroidManifest.xml:20:5-44
Merging library manifest C:\Users\ledan\.gradle\caches\8.13\transforms\8c16644e111052c1f80228703fe9069f\transformed\drawerlayout-1.1.1\AndroidManifest.xml
Merging manifest with lower [androidx.drawerlayout:drawerlayout:1.1.1] AndroidManifest.xml:17:1-24:12
uses-sdk defined in both files...
Merging uses-sdk with lower [androidx.drawerlayout:drawerlayout:1.1.1] AndroidManifest.xml:20:5-22:41
Merging library manifest C:\Users\ledan\.gradle\caches\8.13\transforms\1ba28d803f0234c9643694849ebf3f3b\transformed\coordinatorlayout-1.1.0\AndroidManifest.xml
Merging manifest with lower [androidx.coordinatorlayout:coordinatorlayout:1.1.0] AndroidManifest.xml:17:1-24:12
uses-sdk defined in both files...
Merging uses-sdk with lower [androidx.coordinatorlayout:coordinatorlayout:1.1.0] AndroidManifest.xml:20:5-22:41
Merging library manifest C:\Users\ledan\.gradle\caches\8.13\transforms\e89ca862c66290bafa1956d87d3446d4\transformed\slidingpanelayout-1.2.0\AndroidManifest.xml
Merging manifest with lower [androidx.slidingpanelayout:slidingpanelayout:1.2.0] AndroidManifest.xml:17:1-24:12
uses-sdk defined in both files...
Merging uses-sdk with lower [androidx.slidingpanelayout:slidingpanelayout:1.2.0] AndroidManifest.xml:20:5-22:41
Merging library manifest C:\Users\ledan\.gradle\caches\8.13\transforms\3ccce2a296f05831e16478ec76f587eb\transformed\transition-1.5.0\AndroidManifest.xml
Merging manifest with lower [androidx.transition:transition:1.5.0] AndroidManifest.xml:2:1-7:12
uses-sdk defined in both files...
Merging uses-sdk with lower [androidx.transition:transition:1.5.0] AndroidManifest.xml:5:5-44
Merging library manifest C:\Users\ledan\.gradle\caches\8.13\transforms\35a2d539d8e7ee1b4f94f3dbef5cca0c\transformed\dynamicanimation-1.1.0\AndroidManifest.xml
Merging manifest with lower [androidx.dynamicanimation:dynamicanimation:1.1.0] AndroidManifest.xml:2:1-7:12
uses-sdk defined in both files...
Merging uses-sdk with lower [androidx.dynamicanimation:dynamicanimation:1.1.0] AndroidManifest.xml:5:5-44
Merging library manifest C:\Users\ledan\.gradle\caches\8.13\transforms\8b1b286a5f675053ede25f9906c17e8e\transformed\recyclerview-1.2.1\AndroidManifest.xml
Merging manifest with lower [androidx.recyclerview:recyclerview:1.2.1] AndroidManifest.xml:17:1-24:12
uses-sdk defined in both files...
Merging uses-sdk with lower [androidx.recyclerview:recyclerview:1.2.1] AndroidManifest.xml:20:5-22:41
Merging library manifest C:\Users\ledan\.gradle\caches\8.13\transforms\4cf78e5712b30e8040003f92acc64518\transformed\vectordrawable-animated-1.1.0\AndroidManifest.xml
Merging manifest with lower [androidx.vectordrawable:vectordrawable-animated:1.1.0] AndroidManifest.xml:17:1-24:12
uses-sdk defined in both files...
Merging uses-sdk with lower [androidx.vectordrawable:vectordrawable-animated:1.1.0] AndroidManifest.xml:20:5-22:41
Merging library manifest C:\Users\ledan\.gradle\caches\8.13\transforms\bf29beb92bdcd5d7f3855d30c28b83fd\transformed\vectordrawable-1.1.0\AndroidManifest.xml
Merging manifest with lower [androidx.vectordrawable:vectordrawable:1.1.0] AndroidManifest.xml:17:1-24:12
uses-sdk defined in both files...
Merging uses-sdk with lower [androidx.vectordrawable:vectordrawable:1.1.0] AndroidManifest.xml:20:5-22:41
Merging library manifest C:\Users\ledan\.gradle\caches\8.13\transforms\f37b8229988f6f950cdc1cdd1792c2fe\transformed\viewpager-1.0.0\AndroidManifest.xml
Merging manifest with lower [androidx.viewpager:viewpager:1.0.0] AndroidManifest.xml:17:1-22:12
uses-sdk defined in both files...
Merging uses-sdk with lower [androidx.viewpager:viewpager:1.0.0] AndroidManifest.xml:20:5-44
Merging library manifest C:\Users\ledan\.gradle\caches\8.13\transforms\765bf39589e44fbc0720fc8b657b4b5d\transformed\customview-1.1.0\AndroidManifest.xml
Merging manifest with lower [androidx.customview:customview:1.1.0] AndroidManifest.xml:17:1-24:12
uses-sdk defined in both files...
Merging uses-sdk with lower [androidx.customview:customview:1.1.0] AndroidManifest.xml:20:5-22:41
Merging library manifest C:\Users\ledan\.gradle\caches\8.13\transforms\4e09dfaceba9d6ab9162c209e4a24254\transformed\window-1.0.0\AndroidManifest.xml
Merging manifest with lower [androidx.window:window:1.0.0] AndroidManifest.xml:17:1-33:12
uses-sdk defined in both files...
Merging uses-sdk with lower [androidx.window:window:1.0.0] AndroidManifest.xml:20:5-22:41
application defined in both files...
Merging application with lower [androidx.window:window:1.0.0] AndroidManifest.xml:24:5-31:19
Adopted [uses-library: null]
Adopted [uses-library: null]
Merging library manifest C:\Users\ledan\.gradle\caches\8.13\transforms\a63be352d6caa0cf109c25a78403196a\transformed\graphics-shapes-release\AndroidManifest.xml
Merging manifest with lower [androidx.graphics:graphics-shapes-android:1.0.1] AndroidManifest.xml:2:1-7:12
uses-sdk defined in both files...
Merging uses-sdk with lower [androidx.graphics:graphics-shapes-android:1.0.1] AndroidManifest.xml:5:5-44
Merging library manifest C:\Users\ledan\.gradle\caches\8.13\transforms\7db70dd446989b19d03b2199fb0beec8\transformed\core-ktx-1.13.1\AndroidManifest.xml
Merging manifest with lower [androidx.core:core-ktx:1.13.1] AndroidManifest.xml:2:1-7:12
uses-sdk defined in both files...
Merging uses-sdk with lower [androidx.core:core-ktx:1.13.1] AndroidManifest.xml:5:5-44
Merging library manifest C:\Users\ledan\.gradle\caches\8.13\transforms\c48d0df8fb002c7c71ca6a4e11d91cab\transformed\core-1.13.1\AndroidManifest.xml
Merging manifest with lower [androidx.core:core:1.13.1] AndroidManifest.xml:17:1-30:12
uses-sdk defined in both files...
Merging uses-sdk with lower [androidx.core:core:1.13.1] AndroidManifest.xml:20:5-44
Adopted [permission: null]
Adopted [uses-permission: null]
application defined in both files...
Merging application with lower [androidx.core:core:1.13.1] AndroidManifest.xml:28:5-89
Merging library manifest C:\Users\ledan\.gradle\caches\8.13\transforms\766d4e7a754032fbfe0909cae9f1f17d\transformed\lifecycle-runtime-release\AndroidManifest.xml
Merging manifest with lower [androidx.lifecycle:lifecycle-runtime-android:2.9.2] AndroidManifest.xml:17:1-22:12
uses-sdk defined in both files...
Merging uses-sdk with lower [androidx.lifecycle:lifecycle-runtime-android:2.9.2] AndroidManifest.xml:20:5-44
Merging library manifest C:\Users\ledan\.gradle\caches\8.13\transforms\68d4ad3f20afefab59f83740b5eb3e89\transformed\lifecycle-livedata-core-2.9.2\AndroidManifest.xml
Merging manifest with lower [androidx.lifecycle:lifecycle-livedata-core:2.9.2] AndroidManifest.xml:17:1-22:12
uses-sdk defined in both files...
Merging uses-sdk with lower [androidx.lifecycle:lifecycle-livedata-core:2.9.2] AndroidManifest.xml:20:5-44
Merging library manifest C:\Users\ledan\.gradle\caches\8.13\transforms\e4adb96f484392ceea165fa52c6da6a9\transformed\lifecycle-process-2.9.2\AndroidManifest.xml
Merging manifest with lower [androidx.lifecycle:lifecycle-process:2.9.2] AndroidManifest.xml:17:1-35:12
uses-sdk defined in both files...
Merging uses-sdk with lower [androidx.lifecycle:lifecycle-process:2.9.2] AndroidManifest.xml:21:5-44
application defined in both files...
Merging application with lower [androidx.lifecycle:lifecycle-process:2.9.2] AndroidManifest.xml:23:5-33:19
provider#androidx.startup.InitializationProvider defined in both files...
Merging provider#androidx.startup.InitializationProvider with lower [androidx.lifecycle:lifecycle-process:2.9.2] AndroidManifest.xml:24:9-32:20
Adopted [meta-data: null]
Merging library manifest C:\Users\ledan\.gradle\caches\8.13\transforms\1865b519128c66a2da9635ec0ceccd57\transformed\lifecycle-livedata-core-ktx-2.9.2\AndroidManifest.xml
Merging manifest with lower [androidx.lifecycle:lifecycle-livedata-core-ktx:2.9.2] AndroidManifest.xml:2:1-7:12
uses-sdk defined in both files...
Merging uses-sdk with lower [androidx.lifecycle:lifecycle-livedata-core-ktx:2.9.2] AndroidManifest.xml:5:5-44
Merging library manifest C:\Users\ledan\.gradle\caches\8.13\transforms\c62a2e25caa35df1687cce8576f93322\transformed\lifecycle-livedata-2.9.2\AndroidManifest.xml
Merging manifest with lower [androidx.lifecycle:lifecycle-livedata:2.9.2] AndroidManifest.xml:17:1-22:12
uses-sdk defined in both files...
Merging uses-sdk with lower [androidx.lifecycle:lifecycle-livedata:2.9.2] AndroidManifest.xml:20:5-44
Merging library manifest C:\Users\ledan\.gradle\caches\8.13\transforms\e479bceaa2769a80ea6b5c7799082cae\transformed\lifecycle-viewmodel-ktx-2.9.2\AndroidManifest.xml
Merging manifest with lower [androidx.lifecycle:lifecycle-viewmodel-ktx:2.9.2] AndroidManifest.xml:2:1-7:12
uses-sdk defined in both files...
Merging uses-sdk with lower [androidx.lifecycle:lifecycle-viewmodel-ktx:2.9.2] AndroidManifest.xml:5:5-44
Merging library manifest C:\Users\ledan\.gradle\caches\8.13\transforms\affddeb8e56c7b2c4a968cf1faded32d\transformed\lifecycle-livedata-ktx-2.9.2\AndroidManifest.xml
Merging manifest with lower [androidx.lifecycle:lifecycle-livedata-ktx:2.9.2] AndroidManifest.xml:2:1-7:12
uses-sdk defined in both files...
Merging uses-sdk with lower [androidx.lifecycle:lifecycle-livedata-ktx:2.9.2] AndroidManifest.xml:5:5-44
Merging library manifest C:\Users\ledan\.gradle\caches\8.13\transforms\4a2df5a340ce15de4b273b6242f9c8b6\transformed\security-crypto-1.1.0-alpha06\AndroidManifest.xml
Merging manifest with lower [androidx.security:security-crypto:1.1.0-alpha06] AndroidManifest.xml:17:1-22:12
uses-sdk defined in both files...
Merging uses-sdk with lower [androidx.security:security-crypto:1.1.0-alpha06] AndroidManifest.xml:20:5-44
Merging library manifest C:\Users\ledan\.gradle\caches\8.13\transforms\3bac812085067b685901e714efc44de5\transformed\cursoradapter-1.0.0\AndroidManifest.xml
Merging manifest with lower [androidx.cursoradapter:cursoradapter:1.0.0] AndroidManifest.xml:17:1-22:12
uses-sdk defined in both files...
Merging uses-sdk with lower [androidx.cursoradapter:cursoradapter:1.0.0] AndroidManifest.xml:20:5-44
Merging library manifest C:\Users\ledan\.gradle\caches\8.13\transforms\76f33f69255af8902fd61e64a10f27e4\transformed\cardview-1.0.0\AndroidManifest.xml
Merging manifest with lower [androidx.cardview:cardview:1.0.0] AndroidManifest.xml:17:1-22:12
uses-sdk defined in both files...
Merging uses-sdk with lower [androidx.cardview:cardview:1.0.0] AndroidManifest.xml:20:5-44
Merging library manifest C:\Users\ledan\.gradle\caches\8.13\transforms\f3a8c60729aca47d9514eb3fb704a4be\transformed\profileinstaller-1.4.0\AndroidManifest.xml
Merging manifest with lower [androidx.profileinstaller:profileinstaller:1.4.0] AndroidManifest.xml:17:1-55:12
uses-sdk defined in both files...
Merging uses-sdk with lower [androidx.profileinstaller:profileinstaller:1.4.0] AndroidManifest.xml:21:5-44
application defined in both files...
Merging application with lower [androidx.profileinstaller:profileinstaller:1.4.0] AndroidManifest.xml:23:5-53:19
provider#androidx.startup.InitializationProvider defined in both files...
Merging provider#androidx.startup.InitializationProvider with lower [androidx.profileinstaller:profileinstaller:1.4.0] AndroidManifest.xml:24:9-32:20
Adopted [meta-data: null]
Adopted [receiver: null]
Merging library manifest C:\Users\ledan\.gradle\caches\8.13\transforms\60ac4a03f3057eb1b85f695cbea2edc3\transformed\startup-runtime-1.1.1\AndroidManifest.xml
Merging manifest with lower [androidx.startup:startup-runtime:1.1.1] AndroidManifest.xml:17:1-33:12
uses-sdk defined in both files...
Merging uses-sdk with lower [androidx.startup:startup-runtime:1.1.1] AndroidManifest.xml:21:5-23:41
application defined in both files...
Merging application with lower [androidx.startup:startup-runtime:1.1.1] AndroidManifest.xml:25:5-31:19
provider#androidx.startup.InitializationProvider defined in both files...
Merging provider#androidx.startup.InitializationProvider with lower [androidx.startup:startup-runtime:1.1.1] AndroidManifest.xml:26:9-30:34
Merging library manifest C:\Users\ledan\.gradle\caches\8.13\transforms\34347c3d543a0554bb43ee9de7dd1cda\transformed\tracing-1.0.0\AndroidManifest.xml
Merging manifest with lower [androidx.tracing:tracing:1.0.0] AndroidManifest.xml:17:1-24:12
uses-sdk defined in both files...
Merging uses-sdk with lower [androidx.tracing:tracing:1.0.0] AndroidManifest.xml:20:5-22:41
Merging library manifest C:\Users\ledan\.gradle\caches\8.13\transforms\4e6c0b5b6d2bb927d0e79a8ca369b3c6\transformed\interpolator-1.0.0\AndroidManifest.xml
Merging manifest with lower [androidx.interpolator:interpolator:1.0.0] AndroidManifest.xml:17:1-22:12
uses-sdk defined in both files...
Merging uses-sdk with lower [androidx.interpolator:interpolator:1.0.0] AndroidManifest.xml:20:5-44
Merging library manifest C:\Users\ledan\.gradle\caches\8.13\transforms\d4c5a00dc7b4ff54d1fe16dd7fa1679b\transformed\core-runtime-2.2.0\AndroidManifest.xml
Merging manifest with lower [androidx.arch.core:core-runtime:2.2.0] AndroidManifest.xml:17:1-22:12
uses-sdk defined in both files...
Merging uses-sdk with lower [androidx.arch.core:core-runtime:2.2.0] AndroidManifest.xml:20:5-44
Merging library manifest C:\Users\ledan\.gradle\caches\8.13\transforms\9f6ca01dd48d15d784b7a6e5060a30d3\transformed\versionedparcelable-1.1.1\AndroidManifest.xml
Merging manifest with lower [androidx.versionedparcelable:versionedparcelable:1.1.1] AndroidManifest.xml:17:1-27:12
uses-sdk defined in both files...
Merging uses-sdk with lower [androidx.versionedparcelable:versionedparcelable:1.1.1] AndroidManifest.xml:20:5-22:41
application defined in both files...
Merging application with lower [androidx.versionedparcelable:versionedparcelable:1.1.1] AndroidManifest.xml:24:5-25:19
Merging library manifest C:\Users\ledan\.gradle\caches\8.13\transforms\8ee0af647196e40e4bbec177e04e34d5\transformed\annotation-experimental-1.4.1\AndroidManifest.xml
Merging manifest with lower [androidx.annotation:annotation-experimental:1.4.1] AndroidManifest.xml:2:1-7:12
uses-sdk defined in both files...
Merging uses-sdk with lower [androidx.annotation:annotation-experimental:1.4.1] AndroidManifest.xml:5:5-44
Merging library manifest C:\Users\ledan\.gradle\caches\8.13\transforms\37a58a7032f6b692d685c1a00e1b70ca\transformed\core-viewtree-1.0.0\AndroidManifest.xml
Merging manifest with lower [androidx.core:core-viewtree:1.0.0] AndroidManifest.xml:2:1-7:12
uses-sdk defined in both files...
Merging uses-sdk with lower [androidx.core:core-viewtree:1.0.0] AndroidManifest.xml:5:5-44
Merging result: SUCCESS
1<?xml version="1.0" encoding="utf-8"?>
2<manifest xmlns:android="http://schemas.android.com/apk/res/android"
3    package="com.example.nt118_englishvocabapp"
4    android:versionCode="1"
5    android:versionName="1.0" >
6
7    <uses-sdk
8        android:minSdkVersion="24"
9        android:targetSdkVersion="36" />
10
11    <uses-permission android:name="android.permission.INTERNET" />
11-->C:\Users\ledan\Documents\GitHub\NT118_EnglishVocabApp\app\src\main\AndroidManifest.xml:4:5-67
11-->C:\Users\ledan\Documents\GitHub\NT118_EnglishVocabApp\app\src\main\AndroidManifest.xml:4:22-64
12
13    <permission
13-->[androidx.core:core:1.13.1] C:\Users\ledan\.gradle\caches\8.13\transforms\c48d0df8fb002c7c71ca6a4e11d91cab\transformed\core-1.13.1\AndroidManifest.xml:22:5-24:47
14        android:name="com.example.nt118_englishvocabapp.DYNAMIC_RECEIVER_NOT_EXPORTED_PERMISSION"
14-->[androidx.core:core:1.13.1] C:\Users\ledan\.gradle\caches\8.13\transforms\c48d0df8fb002c7c71ca6a4e11d91cab\transformed\core-1.13.1\AndroidManifest.xml:23:9-81
15        android:protectionLevel="signature" />
15-->[androidx.core:core:1.13.1] C:\Users\ledan\.gradle\caches\8.13\transforms\c48d0df8fb002c7c71ca6a4e11d91cab\transformed\core-1.13.1\AndroidManifest.xml:24:9-44
16
17    <uses-permission android:name="com.example.nt118_englishvocabapp.DYNAMIC_RECEIVER_NOT_EXPORTED_PERMISSION" />
17-->[androidx.core:core:1.13.1] C:\Users\ledan\.gradle\caches\8.13\transforms\c48d0df8fb002c7c71ca6a4e11d91cab\transformed\core-1.13.1\AndroidManifest.xml:26:5-97
17-->[androidx.core:core:1.13.1] C:\Users\ledan\.gradle\caches\8.13\transforms\c48d0df8fb002c7c71ca6a4e11d91cab\transformed\core-1.13.1\AndroidManifest.xml:26:22-94
18
19    <application
19-->C:\Users\ledan\Documents\GitHub\NT118_EnglishVocabApp\app\src\main\AndroidManifest.xml:5:5-24:19
20        android:allowBackup="true"
20-->C:\Users\ledan\Documents\GitHub\NT118_EnglishVocabApp\app\src\main\AndroidManifest.xml:7:9-35
21        android:appComponentFactory="androidx.core.app.CoreComponentFactory"
21-->[androidx.core:core:1.13.1] C:\Users\ledan\.gradle\caches\8.13\transforms\c48d0df8fb002c7c71ca6a4e11d91cab\transformed\core-1.13.1\AndroidManifest.xml:28:18-86
22        android:dataExtractionRules="@xml/data_extraction_rules"
22-->C:\Users\ledan\Documents\GitHub\NT118_EnglishVocabApp\app\src\main\AndroidManifest.xml:8:9-65
23        android:debuggable="true"
24        android:extractNativeLibs="false"
25        android:fullBackupContent="@xml/backup_rules"
25-->C:\Users\ledan\Documents\GitHub\NT118_EnglishVocabApp\app\src\main\AndroidManifest.xml:9:9-54
26        android:icon="@mipmap/ic_launcher"
26-->C:\Users\ledan\Documents\GitHub\NT118_EnglishVocabApp\app\src\main\AndroidManifest.xml:10:9-43
27        android:label="@string/app_name"
27-->C:\Users\ledan\Documents\GitHub\NT118_EnglishVocabApp\app\src\main\AndroidManifest.xml:11:9-41
28        android:roundIcon="@mipmap/ic_launcher_round"
28-->C:\Users\ledan\Documents\GitHub\NT118_EnglishVocabApp\app\src\main\AndroidManifest.xml:12:9-54
29        android:supportsRtl="true"
29-->C:\Users\ledan\Documents\GitHub\NT118_EnglishVocabApp\app\src\main\AndroidManifest.xml:13:9-35
30        android:theme="@style/Theme.NT118_EnglishVocabApp"
30-->C:\Users\ledan\Documents\GitHub\NT118_EnglishVocabApp\app\src\main\AndroidManifest.xml:14:9-59
31        android:usesCleartextTraffic="true" >
31-->C:\Users\ledan\Documents\GitHub\NT118_EnglishVocabApp\app\src\main\AndroidManifest.xml:6:9-44
32        <activity
32-->C:\Users\ledan\Documents\GitHub\NT118_EnglishVocabApp\app\src\main\AndroidManifest.xml:15:9-23:20
33            android:name="com.example.nt118_englishvocabapp.MainActivity"
33-->C:\Users\ledan\Documents\GitHub\NT118_EnglishVocabApp\app\src\main\AndroidManifest.xml:16:13-41
34            android:exported="true"
34-->C:\Users\ledan\Documents\GitHub\NT118_EnglishVocabApp\app\src\main\AndroidManifest.xml:17:13-36
35            android:windowSoftInputMode="adjustPan" >
35-->C:\Users\ledan\Documents\GitHub\NT118_EnglishVocabApp\app\src\main\AndroidManifest.xml:18:13-52
36            <intent-filter>
36-->C:\Users\ledan\Documents\GitHub\NT118_EnglishVocabApp\app\src\main\AndroidManifest.xml:19:13-22:29
37                <action android:name="android.intent.action.MAIN" />
37-->C:\Users\ledan\Documents\GitHub\NT118_EnglishVocabApp\app\src\main\AndroidManifest.xml:20:17-69
37-->C:\Users\ledan\Documents\GitHub\NT118_EnglishVocabApp\app\src\main\AndroidManifest.xml:20:25-66
38
39                <category android:name="android.intent.category.LAUNCHER" />
39-->C:\Users\ledan\Documents\GitHub\NT118_EnglishVocabApp\app\src\main\AndroidManifest.xml:21:17-77
39-->C:\Users\ledan\Documents\GitHub\NT118_EnglishVocabApp\app\src\main\AndroidManifest.xml:21:27-74
40            </intent-filter>
41        </activity>
42
43        <provider
43-->[androidx.emoji2:emoji2:1.3.0] C:\Users\ledan\.gradle\caches\8.13\transforms\6366c39bfc40ba950f0393ceecdafde0\transformed\emoji2-1.3.0\AndroidManifest.xml:24:9-32:20
44            android:name="androidx.startup.InitializationProvider"
44-->[androidx.emoji2:emoji2:1.3.0] C:\Users\ledan\.gradle\caches\8.13\transforms\6366c39bfc40ba950f0393ceecdafde0\transformed\emoji2-1.3.0\AndroidManifest.xml:25:13-67
45            android:authorities="com.example.nt118_englishvocabapp.androidx-startup"
45-->[androidx.emoji2:emoji2:1.3.0] C:\Users\ledan\.gradle\caches\8.13\transforms\6366c39bfc40ba950f0393ceecdafde0\transformed\emoji2-1.3.0\AndroidManifest.xml:26:13-68
46            android:exported="false" >
46-->[androidx.emoji2:emoji2:1.3.0] C:\Users\ledan\.gradle\caches\8.13\transforms\6366c39bfc40ba950f0393ceecdafde0\transformed\emoji2-1.3.0\AndroidManifest.xml:27:13-37
47            <meta-data
47-->[androidx.emoji2:emoji2:1.3.0] C:\Users\ledan\.gradle\caches\8.13\transforms\6366c39bfc40ba950f0393ceecdafde0\transformed\emoji2-1.3.0\AndroidManifest.xml:29:13-31:52
48                android:name="androidx.emoji2.text.EmojiCompatInitializer"
48-->[androidx.emoji2:emoji2:1.3.0] C:\Users\ledan\.gradle\caches\8.13\transforms\6366c39bfc40ba950f0393ceecdafde0\transformed\emoji2-1.3.0\AndroidManifest.xml:30:17-75
49                android:value="androidx.startup" />
49-->[androidx.emoji2:emoji2:1.3.0] C:\Users\ledan\.gradle\caches\8.13\transforms\6366c39bfc40ba950f0393ceecdafde0\transformed\emoji2-1.3.0\AndroidManifest.xml:31:17-49
50            <meta-data
50-->[androidx.lifecycle:lifecycle-process:2.9.2] C:\Users\ledan\.gradle\caches\8.13\transforms\e4adb96f484392ceea165fa52c6da6a9\transformed\lifecycle-process-2.9.2\AndroidManifest.xml:29:13-31:52
51                android:name="androidx.lifecycle.ProcessLifecycleInitializer"
51-->[androidx.lifecycle:lifecycle-process:2.9.2] C:\Users\ledan\.gradle\caches\8.13\transforms\e4adb96f484392ceea165fa52c6da6a9\transformed\lifecycle-process-2.9.2\AndroidManifest.xml:30:17-78
52                android:value="androidx.startup" />
52-->[androidx.lifecycle:lifecycle-process:2.9.2] C:\Users\ledan\.gradle\caches\8.13\transforms\e4adb96f484392ceea165fa52c6da6a9\transformed\lifecycle-process-2.9.2\AndroidManifest.xml:31:17-49
53            <meta-data
53-->[androidx.profileinstaller:profileinstaller:1.4.0] C:\Users\ledan\.gradle\caches\8.13\transforms\f3a8c60729aca47d9514eb3fb704a4be\transformed\profileinstaller-1.4.0\AndroidManifest.xml:29:13-31:52
54                android:name="androidx.profileinstaller.ProfileInstallerInitializer"
54-->[androidx.profileinstaller:profileinstaller:1.4.0] C:\Users\ledan\.gradle\caches\8.13\transforms\f3a8c60729aca47d9514eb3fb704a4be\transformed\profileinstaller-1.4.0\AndroidManifest.xml:30:17-85
55                android:value="androidx.startup" />
55-->[androidx.profileinstaller:profileinstaller:1.4.0] C:\Users\ledan\.gradle\caches\8.13\transforms\f3a8c60729aca47d9514eb3fb704a4be\transformed\profileinstaller-1.4.0\AndroidManifest.xml:31:17-49
56        </provider>
57
58        <uses-library
58-->[androidx.window:window:1.0.0] C:\Users\ledan\.gradle\caches\8.13\transforms\4e09dfaceba9d6ab9162c209e4a24254\transformed\window-1.0.0\AndroidManifest.xml:25:9-27:40
59            android:name="androidx.window.extensions"
59-->[androidx.window:window:1.0.0] C:\Users\ledan\.gradle\caches\8.13\transforms\4e09dfaceba9d6ab9162c209e4a24254\transformed\window-1.0.0\AndroidManifest.xml:26:13-54
60            android:required="false" />
60-->[androidx.window:window:1.0.0] C:\Users\ledan\.gradle\caches\8.13\transforms\4e09dfaceba9d6ab9162c209e4a24254\transformed\window-1.0.0\AndroidManifest.xml:27:13-37
61        <uses-library
61-->[androidx.window:window:1.0.0] C:\Users\ledan\.gradle\caches\8.13\transforms\4e09dfaceba9d6ab9162c209e4a24254\transformed\window-1.0.0\AndroidManifest.xml:28:9-30:40
62            android:name="androidx.window.sidecar"
62-->[androidx.window:window:1.0.0] C:\Users\ledan\.gradle\caches\8.13\transforms\4e09dfaceba9d6ab9162c209e4a24254\transformed\window-1.0.0\AndroidManifest.xml:29:13-51
63            android:required="false" />
63-->[androidx.window:window:1.0.0] C:\Users\ledan\.gradle\caches\8.13\transforms\4e09dfaceba9d6ab9162c209e4a24254\transformed\window-1.0.0\AndroidManifest.xml:30:13-37
64
65        <receiver
65-->[androidx.profileinstaller:profileinstaller:1.4.0] C:\Users\ledan\.gradle\caches\8.13\transforms\f3a8c60729aca47d9514eb3fb704a4be\transformed\profileinstaller-1.4.0\AndroidManifest.xml:34:9-52:20
66            android:name="androidx.profileinstaller.ProfileInstallReceiver"
66-->[androidx.profileinstaller:profileinstaller:1.4.0] C:\Users\ledan\.gradle\caches\8.13\transforms\f3a8c60729aca47d9514eb3fb704a4be\transformed\profileinstaller-1.4.0\AndroidManifest.xml:35:13-76
67            android:directBootAware="false"
67-->[androidx.profileinstaller:profileinstaller:1.4.0] C:\Users\ledan\.gradle\caches\8.13\transforms\f3a8c60729aca47d9514eb3fb704a4be\transformed\profileinstaller-1.4.0\AndroidManifest.xml:36:13-44
68            android:enabled="true"
68-->[androidx.profileinstaller:profileinstaller:1.4.0] C:\Users\ledan\.gradle\caches\8.13\transforms\f3a8c60729aca47d9514eb3fb704a4be\transformed\profileinstaller-1.4.0\AndroidManifest.xml:37:13-35
69            android:exported="true"
69-->[androidx.profileinstaller:profileinstaller:1.4.0] C:\Users\ledan\.gradle\caches\8.13\transforms\f3a8c60729aca47d9514eb3fb704a4be\transformed\profileinstaller-1.4.0\AndroidManifest.xml:38:13-36
70            android:permission="android.permission.DUMP" >
70-->[androidx.profileinstaller:profileinstaller:1.4.0] C:\Users\ledan\.gradle\caches\8.13\transforms\f3a8c60729aca47d9514eb3fb704a4be\transformed\profileinstaller-1.4.0\AndroidManifest.xml:39:13-57
71            <intent-filter>
71-->[androidx.profileinstaller:profileinstaller:1.4.0] C:\Users\ledan\.gradle\caches\8.13\transforms\f3a8c60729aca47d9514eb3fb704a4be\transformed\profileinstaller-1.4.0\AndroidManifest.xml:40:13-42:29
72                <action android:name="androidx.profileinstaller.action.INSTALL_PROFILE" />
72-->[androidx.profileinstaller:profileinstaller:1.4.0] C:\Users\ledan\.gradle\caches\8.13\transforms\f3a8c60729aca47d9514eb3fb704a4be\transformed\profileinstaller-1.4.0\AndroidManifest.xml:41:17-91
72-->[androidx.profileinstaller:profileinstaller:1.4.0] C:\Users\ledan\.gradle\caches\8.13\transforms\f3a8c60729aca47d9514eb3fb704a4be\transformed\profileinstaller-1.4.0\AndroidManifest.xml:41:25-88
73            </intent-filter>
74            <intent-filter>
74-->[androidx.profileinstaller:profileinstaller:1.4.0] C:\Users\ledan\.gradle\caches\8.13\transforms\f3a8c60729aca47d9514eb3fb704a4be\transformed\profileinstaller-1.4.0\AndroidManifest.xml:43:13-45:29
75                <action android:name="androidx.profileinstaller.action.SKIP_FILE" />
75-->[androidx.profileinstaller:profileinstaller:1.4.0] C:\Users\ledan\.gradle\caches\8.13\transforms\f3a8c60729aca47d9514eb3fb704a4be\transformed\profileinstaller-1.4.0\AndroidManifest.xml:44:17-85
75-->[androidx.profileinstaller:profileinstaller:1.4.0] C:\Users\ledan\.gradle\caches\8.13\transforms\f3a8c60729aca47d9514eb3fb704a4be\transformed\profileinstaller-1.4.0\AndroidManifest.xml:44:25-82
76            </intent-filter>
77            <intent-filter>
77-->[androidx.profileinstaller:profileinstaller:1.4.0] C:\Users\ledan\.gradle\caches\8.13\transforms\f3a8c60729aca47d9514eb3fb704a4be\transformed\profileinstaller-1.4.0\AndroidManifest.xml:46:13-48:29
78                <action android:name="androidx.profileinstaller.action.SAVE_PROFILE" />
78-->[androidx.profileinstaller:profileinstaller:1.4.0] C:\Users\ledan\.gradle\caches\8.13\transforms\f3a8c60729aca47d9514eb3fb704a4be\transformed\profileinstaller-1.4.0\AndroidManifest.xml:47:17-88
78-->[androidx.profileinstaller:profileinstaller:1.4.0] C:\Users\ledan\.gradle\caches\8.13\transforms\f3a8c60729aca47d9514eb3fb704a4be\transformed\profileinstaller-1.4.0\AndroidManifest.xml:47:25-85
79            </intent-filter>
80            <intent-filter>
80-->[androidx.profileinstaller:profileinstaller:1.4.0] C:\Users\ledan\.gradle\caches\8.13\transforms\f3a8c60729aca47d9514eb3fb704a4be\transformed\profileinstaller-1.4.0\AndroidManifest.xml:49:13-51:29
81                <action android:name="androidx.profileinstaller.action.BENCHMARK_OPERATION" />
81-->[androidx.profileinstaller:profileinstaller:1.4.0] C:\Users\ledan\.gradle\caches\8.13\transforms\f3a8c60729aca47d9514eb3fb704a4be\transformed\profileinstaller-1.4.0\AndroidManifest.xml:50:17-95
81-->[androidx.profileinstaller:profileinstaller:1.4.0] C:\Users\ledan\.gradle\caches\8.13\transforms\f3a8c60729aca47d9514eb3fb704a4be\transformed\profileinstaller-1.4.0\AndroidManifest.xml:50:25-92
82            </intent-filter>
83        </receiver>
84    </application>
85
86</manifest>

Merged manifest saved to C:\Users\ledan\Documents\GitHub\NT118_EnglishVocabApp\app\build\intermediates\merged_manifest\debug\processDebugMainManifest\AndroidManifest.xml

FAILURE: Build failed with an exception.

* What went wrong:
Execution failed for task ':app:parseDebugLocalResources'.
> A failure occurred while executing com.android.build.gradle.internal.res.ParseLibraryResourcesTask$ParseResourcesRunnable
   > Failed to parse XML file 'C:\Users\ledan\Documents\GitHub\NT118_EnglishVocabApp\app\build\intermediates\packaged_res\debug\packageDebugResources\drawable-night-v8\circle_avatar_bg.xml'

* Try:
> Run with --debug option to get more log output.
> Run with --scan to get full insights.
> Get more help at https://help.gradle.org.

* Exception is:
org.gradle.api.tasks.TaskExecutionException: Execution failed for task ':app:parseDebugLocalResources'.
	at org.gradle.api.internal.tasks.execution.ExecuteActionsTaskExecuter.lambda$executeIfValid$1(ExecuteActionsTaskExecuter.java:130)
	at org.gradle.internal.Try$Failure.ifSuccessfulOrElse(Try.java:293)
	at org.gradle.api.internal.tasks.execution.ExecuteActionsTaskExecuter.executeIfValid(ExecuteActionsTaskExecuter.java:128)
	at org.gradle.api.internal.tasks.execution.ExecuteActionsTaskExecuter.execute(ExecuteActionsTaskExecuter.java:116)
	at org.gradle.api.internal.tasks.execution.ProblemsTaskPathTrackingTaskExecuter.execute(ProblemsTaskPathTrackingTaskExecuter.java:40)
	at org.gradle.api.internal.tasks.execution.FinalizePropertiesTaskExecuter.execute(FinalizePropertiesTaskExecuter.java:46)
	at org.gradle.api.internal.tasks.execution.ResolveTaskExecutionModeExecuter.execute(ResolveTaskExecutionModeExecuter.java:51)
	at org.gradle.api.internal.tasks.execution.SkipTaskWithNoActionsExecuter.execute(SkipTaskWithNoActionsExecuter.java:57)
	at org.gradle.api.internal.tasks.execution.SkipOnlyIfTaskExecuter.execute(SkipOnlyIfTaskExecuter.java:74)
	at org.gradle.api.internal.tasks.execution.CatchExceptionTaskExecuter.execute(CatchExceptionTaskExecuter.java:36)
	at org.gradle.api.internal.tasks.execution.EventFiringTaskExecuter$1.executeTask(EventFiringTaskExecuter.java:77)
	at org.gradle.api.internal.tasks.execution.EventFiringTaskExecuter$1.call(EventFiringTaskExecuter.java:55)
	at org.gradle.api.internal.tasks.execution.EventFiringTaskExecuter$1.call(EventFiringTaskExecuter.java:52)
	at org.gradle.internal.operations.DefaultBuildOperationRunner$CallableBuildOperationWorker.execute(DefaultBuildOperationRunner.java:210)
	at org.gradle.internal.operations.DefaultBuildOperationRunner$CallableBuildOperationWorker.execute(DefaultBuildOperationRunner.java:205)
	at org.gradle.internal.operations.DefaultBuildOperationRunner$2.execute(DefaultBuildOperationRunner.java:67)
	at org.gradle.internal.operations.DefaultBuildOperationRunner$2.execute(DefaultBuildOperationRunner.java:60)
	at org.gradle.internal.operations.DefaultBuildOperationRunner.execute(DefaultBuildOperationRunner.java:167)
	at org.gradle.internal.operations.DefaultBuildOperationRunner.execute(DefaultBuildOperationRunner.java:60)
	at org.gradle.internal.operations.DefaultBuildOperationRunner.call(DefaultBuildOperationRunner.java:54)
	at org.gradle.api.internal.tasks.execution.EventFiringTaskExecuter.execute(EventFiringTaskExecuter.java:52)
	at org.gradle.execution.plan.LocalTaskNodeExecutor.execute(LocalTaskNodeExecutor.java:42)
	at org.gradle.execution.taskgraph.DefaultTaskExecutionGraph$InvokeNodeExecutorsAction.execute(DefaultTaskExecutionGraph.java:331)
	at org.gradle.execution.taskgraph.DefaultTaskExecutionGraph$InvokeNodeExecutorsAction.execute(DefaultTaskExecutionGraph.java:318)
	at org.gradle.execution.taskgraph.DefaultTaskExecutionGraph$BuildOperationAwareExecutionAction.lambda$execute$0(DefaultTaskExecutionGraph.java:314)
	at org.gradle.internal.operations.CurrentBuildOperationRef.with(CurrentBuildOperationRef.java:85)
	at org.gradle.execution.taskgraph.DefaultTaskExecutionGraph$BuildOperationAwareExecutionAction.execute(DefaultTaskExecutionGraph.java:314)
	at org.gradle.execution.taskgraph.DefaultTaskExecutionGraph$BuildOperationAwareExecutionAction.execute(DefaultTaskExecutionGraph.java:303)
	at org.gradle.execution.plan.DefaultPlanExecutor$ExecutorWorker.execute(DefaultPlanExecutor.java:459)
	at org.gradle.execution.plan.DefaultPlanExecutor$ExecutorWorker.run(DefaultPlanExecutor.java:376)
	at org.gradle.execution.plan.DefaultPlanExecutor.process(DefaultPlanExecutor.java:111)
	at org.gradle.execution.taskgraph.DefaultTaskExecutionGraph.executeWithServices(DefaultTaskExecutionGraph.java:138)
	at org.gradle.execution.taskgraph.DefaultTaskExecutionGraph.execute(DefaultTaskExecutionGraph.java:123)
	at org.gradle.execution.SelectedTaskExecutionAction.execute(SelectedTaskExecutionAction.java:35)
	at org.gradle.execution.DryRunBuildExecutionAction.execute(DryRunBuildExecutionAction.java:51)
	at org.gradle.execution.BuildOperationFiringBuildWorkerExecutor$ExecuteTasks.call(BuildOperationFiringBuildWorkerExecutor.java:54)
	at org.gradle.execution.BuildOperationFiringBuildWorkerExecutor$ExecuteTasks.call(BuildOperationFiringBuildWorkerExecutor.java:43)
	at org.gradle.internal.operations.DefaultBuildOperationRunner$CallableBuildOperationWorker.execute(DefaultBuildOperationRunner.java:210)
	at org.gradle.internal.operations.DefaultBuildOperationRunner$CallableBuildOperationWorker.execute(DefaultBuildOperationRunner.java:205)
	at org.gradle.internal.operations.DefaultBuildOperationRunner$2.execute(DefaultBuildOperationRunner.java:67)
	at org.gradle.internal.operations.DefaultBuildOperationRunner$2.execute(DefaultBuildOperationRunner.java:60)
	at org.gradle.internal.operations.DefaultBuildOperationRunner.execute(DefaultBuildOperationRunner.java:167)
	at org.gradle.internal.operations.DefaultBuildOperationRunner.execute(DefaultBuildOperationRunner.java:60)
	at org.gradle.internal.operations.DefaultBuildOperationRunner.call(DefaultBuildOperationRunner.java:54)
	at org.gradle.execution.BuildOperationFiringBuildWorkerExecutor.execute(BuildOperationFiringBuildWorkerExecutor.java:40)
	at org.gradle.internal.build.DefaultBuildLifecycleController.lambda$executeTasks$10(DefaultBuildLifecycleController.java:313)
	at org.gradle.internal.model.StateTransitionController.doTransition(StateTransitionController.java:266)
	at org.gradle.internal.model.StateTransitionController.lambda$tryTransition$8(StateTransitionController.java:177)
	at org.gradle.internal.work.DefaultSynchronizer.withLock(DefaultSynchronizer.java:46)
	at org.gradle.internal.model.StateTransitionController.tryTransition(StateTransitionController.java:177)
	at org.gradle.internal.build.DefaultBuildLifecycleController.executeTasks(DefaultBuildLifecycleController.java:304)
	at org.gradle.internal.build.DefaultBuildWorkGraphController$DefaultBuildWorkGraph.runWork(DefaultBuildWorkGraphController.java:220)
	at org.gradle.internal.work.DefaultWorkerLeaseService.withLocks(DefaultWorkerLeaseService.java:263)
	at org.gradle.internal.work.DefaultWorkerLeaseService.runAsWorkerThread(DefaultWorkerLeaseService.java:127)
	at org.gradle.composite.internal.DefaultBuildController.doRun(DefaultBuildController.java:181)
	at org.gradle.composite.internal.DefaultBuildController.access$000(DefaultBuildController.java:50)
	at org.gradle.composite.internal.DefaultBuildController$BuildOpRunnable.lambda$run$0(DefaultBuildController.java:198)
	at org.gradle.internal.operations.CurrentBuildOperationRef.with(CurrentBuildOperationRef.java:85)
	at org.gradle.composite.internal.DefaultBuildController$BuildOpRunnable.run(DefaultBuildController.java:198)
	at org.gradle.internal.concurrent.ExecutorPolicy$CatchAndRecordFailures.onExecute(ExecutorPolicy.java:64)
	at org.gradle.internal.concurrent.AbstractManagedExecutor$1.run(AbstractManagedExecutor.java:48)
Caused by: org.gradle.workers.internal.DefaultWorkerExecutor$WorkExecutionException: A failure occurred while executing com.android.build.gradle.internal.res.ParseLibraryResourcesTask$ParseResourcesRunnable
	at org.gradle.workers.internal.DefaultWorkerExecutor$WorkItemExecution.waitForCompletion(DefaultWorkerExecutor.java:287)
	at org.gradle.internal.work.DefaultAsyncWorkTracker.lambda$waitForItemsAndGatherFailures$2(DefaultAsyncWorkTracker.java:130)
	at org.gradle.internal.Factories$1.create(Factories.java:31)
	at org.gradle.internal.work.DefaultWorkerLeaseService.withoutLocks(DefaultWorkerLeaseService.java:335)
	at org.gradle.internal.work.DefaultWorkerLeaseService.withoutLocks(DefaultWorkerLeaseService.java:318)
	at org.gradle.internal.work.DefaultWorkerLeaseService.withoutLock(DefaultWorkerLeaseService.java:323)
	at org.gradle.internal.work.DefaultAsyncWorkTracker.waitForItemsAndGatherFailures(DefaultAsyncWorkTracker.java:126)
	at org.gradle.internal.work.DefaultAsyncWorkTracker.waitForItemsAndGatherFailures(DefaultAsyncWorkTracker.java:92)
	at org.gradle.internal.work.DefaultAsyncWorkTracker.waitForAll(DefaultAsyncWorkTracker.java:78)
	at org.gradle.internal.work.DefaultAsyncWorkTracker.waitForCompletion(DefaultAsyncWorkTracker.java:66)
	at org.gradle.api.internal.tasks.execution.TaskExecution$3.run(TaskExecution.java:252)
	at org.gradle.internal.operations.DefaultBuildOperationRunner$1.execute(DefaultBuildOperationRunner.java:30)
	at org.gradle.internal.operations.DefaultBuildOperationRunner$1.execute(DefaultBuildOperationRunner.java:27)
	at org.gradle.internal.operations.DefaultBuildOperationRunner$2.execute(DefaultBuildOperationRunner.java:67)
	at org.gradle.internal.operations.DefaultBuildOperationRunner$2.execute(DefaultBuildOperationRunner.java:60)
	at org.gradle.internal.operations.DefaultBuildOperationRunner.execute(DefaultBuildOperationRunner.java:167)
	at org.gradle.internal.operations.DefaultBuildOperationRunner.execute(DefaultBuildOperationRunner.java:60)
	at org.gradle.internal.operations.DefaultBuildOperationRunner.run(DefaultBuildOperationRunner.java:48)
	at org.gradle.api.internal.tasks.execution.TaskExecution.executeAction(TaskExecution.java:229)
	at org.gradle.api.internal.tasks.execution.TaskExecution.executeActions(TaskExecution.java:212)
	at org.gradle.api.internal.tasks.execution.TaskExecution.executeWithPreviousOutputFiles(TaskExecution.java:195)
	at org.gradle.api.internal.tasks.execution.TaskExecution.execute(TaskExecution.java:162)
	at org.gradle.internal.execution.steps.ExecuteStep.executeInternal(ExecuteStep.java:105)
	at org.gradle.internal.execution.steps.ExecuteStep.access$000(ExecuteStep.java:44)
	at org.gradle.internal.execution.steps.ExecuteStep$1.call(ExecuteStep.java:59)
	at org.gradle.internal.execution.steps.ExecuteStep$1.call(ExecuteStep.java:56)
	at org.gradle.internal.operations.DefaultBuildOperationRunner$CallableBuildOperationWorker.execute(DefaultBuildOperationRunner.java:210)
	at org.gradle.internal.operations.DefaultBuildOperationRunner$CallableBuildOperationWorker.execute(DefaultBuildOperationRunner.java:205)
	at org.gradle.internal.operations.DefaultBuildOperationRunner$2.execute(DefaultBuildOperationRunner.java:67)
	at org.gradle.internal.operations.DefaultBuildOperationRunner$2.execute(DefaultBuildOperationRunner.java:60)
	at org.gradle.internal.operations.DefaultBuildOperationRunner.execute(DefaultBuildOperationRunner.java:167)
	at org.gradle.internal.operations.DefaultBuildOperationRunner.execute(DefaultBuildOperationRunner.java:60)
	at org.gradle.internal.operations.DefaultBuildOperationRunner.call(DefaultBuildOperationRunner.java:54)
	at org.gradle.internal.execution.steps.ExecuteStep.execute(ExecuteStep.java:56)
	at org.gradle.internal.execution.steps.ExecuteStep.execute(ExecuteStep.java:44)
	at org.gradle.internal.execution.steps.CancelExecutionStep.execute(CancelExecutionStep.java:42)
	at org.gradle.internal.execution.steps.TimeoutStep.executeWithoutTimeout(TimeoutStep.java:75)
	at org.gradle.internal.execution.steps.TimeoutStep.execute(TimeoutStep.java:55)
	at org.gradle.internal.execution.steps.PreCreateOutputParentsStep.execute(PreCreateOutputParentsStep.java:50)
	at org.gradle.internal.execution.steps.PreCreateOutputParentsStep.execute(PreCreateOutputParentsStep.java:28)
	at org.gradle.internal.execution.steps.RemovePreviousOutputsStep.execute(RemovePreviousOutputsStep.java:67)
	at org.gradle.internal.execution.steps.RemovePreviousOutputsStep.execute(RemovePreviousOutputsStep.java:37)
	at org.gradle.internal.execution.steps.BroadcastChangingOutputsStep.execute(BroadcastChangingOutputsStep.java:61)
	at org.gradle.internal.execution.steps.BroadcastChangingOutputsStep.execute(BroadcastChangingOutputsStep.java:26)
	at org.gradle.internal.execution.steps.CaptureOutputsAfterExecutionStep.execute(CaptureOutputsAfterExecutionStep.java:69)
	at org.gradle.internal.execution.steps.CaptureOutputsAfterExecutionStep.execute(CaptureOutputsAfterExecutionStep.java:46)
	at org.gradle.internal.execution.steps.ResolveInputChangesStep.execute(ResolveInputChangesStep.java:40)
	at org.gradle.internal.execution.steps.ResolveInputChangesStep.execute(ResolveInputChangesStep.java:29)
	at org.gradle.internal.execution.steps.BuildCacheStep.executeWithoutCache(BuildCacheStep.java:189)
	at org.gradle.internal.execution.steps.BuildCacheStep.lambda$execute$1(BuildCacheStep.java:75)
	at org.gradle.internal.Either$Right.fold(Either.java:175)
	at org.gradle.internal.execution.caching.CachingState.fold(CachingState.java:62)
	at org.gradle.internal.execution.steps.BuildCacheStep.execute(BuildCacheStep.java:73)
	at org.gradle.internal.execution.steps.BuildCacheStep.execute(BuildCacheStep.java:48)
	at org.gradle.internal.execution.steps.StoreExecutionStateStep.execute(StoreExecutionStateStep.java:46)
	at org.gradle.internal.execution.steps.StoreExecutionStateStep.execute(StoreExecutionStateStep.java:35)
	at org.gradle.internal.execution.steps.SkipUpToDateStep.executeBecause(SkipUpToDateStep.java:75)
	at org.gradle.internal.execution.steps.SkipUpToDateStep.lambda$execute$2(SkipUpToDateStep.java:53)
	at org.gradle.internal.execution.steps.SkipUpToDateStep.execute(SkipUpToDateStep.java:53)
	at org.gradle.internal.execution.steps.SkipUpToDateStep.execute(SkipUpToDateStep.java:35)
	at org.gradle.internal.execution.steps.legacy.MarkSnapshottingInputsFinishedStep.execute(MarkSnapshottingInputsFinishedStep.java:37)
	at org.gradle.internal.execution.steps.legacy.MarkSnapshottingInputsFinishedStep.execute(MarkSnapshottingInputsFinishedStep.java:27)
	at org.gradle.internal.execution.steps.ResolveIncrementalCachingStateStep.executeDelegate(ResolveIncrementalCachingStateStep.java:49)
	at org.gradle.internal.execution.steps.ResolveIncrementalCachingStateStep.executeDelegate(ResolveIncrementalCachingStateStep.java:27)
	at org.gradle.internal.execution.steps.AbstractResolveCachingStateStep.execute(AbstractResolveCachingStateStep.java:71)
	at org.gradle.internal.execution.steps.AbstractResolveCachingStateStep.execute(AbstractResolveCachingStateStep.java:39)
	at org.gradle.internal.execution.steps.ResolveChangesStep.execute(ResolveChangesStep.java:65)
	at org.gradle.internal.execution.steps.ResolveChangesStep.execute(ResolveChangesStep.java:36)
	at org.gradle.internal.execution.steps.ValidateStep.execute(ValidateStep.java:107)
	at org.gradle.internal.execution.steps.ValidateStep.execute(ValidateStep.java:56)
	at org.gradle.internal.execution.steps.AbstractCaptureStateBeforeExecutionStep.execute(AbstractCaptureStateBeforeExecutionStep.java:64)
	at org.gradle.internal.execution.steps.AbstractCaptureStateBeforeExecutionStep.execute(AbstractCaptureStateBeforeExecutionStep.java:43)
	at org.gradle.internal.execution.steps.AbstractSkipEmptyWorkStep.executeWithNonEmptySources(AbstractSkipEmptyWorkStep.java:125)
	at org.gradle.internal.execution.steps.AbstractSkipEmptyWorkStep.execute(AbstractSkipEmptyWorkStep.java:56)
	at org.gradle.internal.execution.steps.AbstractSkipEmptyWorkStep.execute(AbstractSkipEmptyWorkStep.java:36)
	at org.gradle.internal.execution.steps.legacy.MarkSnapshottingInputsStartedStep.execute(MarkSnapshottingInputsStartedStep.java:38)
	at org.gradle.internal.execution.steps.LoadPreviousExecutionStateStep.execute(LoadPreviousExecutionStateStep.java:36)
	at org.gradle.internal.execution.steps.LoadPreviousExecutionStateStep.execute(LoadPreviousExecutionStateStep.java:23)
	at org.gradle.internal.execution.steps.HandleStaleOutputsStep.execute(HandleStaleOutputsStep.java:75)
	at org.gradle.internal.execution.steps.HandleStaleOutputsStep.execute(HandleStaleOutputsStep.java:41)
	at org.gradle.internal.execution.steps.AssignMutableWorkspaceStep.lambda$execute$0(AssignMutableWorkspaceStep.java:35)
	at org.gradle.api.internal.tasks.execution.TaskExecution$4.withWorkspace(TaskExecution.java:289)
	at org.gradle.internal.execution.steps.AssignMutableWorkspaceStep.execute(AssignMutableWorkspaceStep.java:31)
	at org.gradle.internal.execution.steps.AssignMutableWorkspaceStep.execute(AssignMutableWorkspaceStep.java:22)
	at org.gradle.internal.execution.steps.ChoosePipelineStep.execute(ChoosePipelineStep.java:40)
	at org.gradle.internal.execution.steps.ChoosePipelineStep.execute(ChoosePipelineStep.java:23)
	at org.gradle.internal.execution.steps.ExecuteWorkBuildOperationFiringStep.lambda$execute$2(ExecuteWorkBuildOperationFiringStep.java:67)
	at org.gradle.internal.execution.steps.ExecuteWorkBuildOperationFiringStep.execute(ExecuteWorkBuildOperationFiringStep.java:67)
	at org.gradle.internal.execution.steps.ExecuteWorkBuildOperationFiringStep.execute(ExecuteWorkBuildOperationFiringStep.java:39)
	at org.gradle.internal.execution.steps.IdentityCacheStep.execute(IdentityCacheStep.java:46)
	at org.gradle.internal.execution.steps.IdentityCacheStep.execute(IdentityCacheStep.java:34)
	at org.gradle.internal.execution.steps.IdentifyStep.execute(IdentifyStep.java:48)
	at org.gradle.internal.execution.steps.IdentifyStep.execute(IdentifyStep.java:35)
	at org.gradle.internal.execution.impl.DefaultExecutionEngine$1.execute(DefaultExecutionEngine.java:61)
	at org.gradle.api.internal.tasks.execution.ExecuteActionsTaskExecuter.executeIfValid(ExecuteActionsTaskExecuter.java:127)
	at org.gradle.api.internal.tasks.execution.ExecuteActionsTaskExecuter.execute(ExecuteActionsTaskExecuter.java:116)
	at org.gradle.api.internal.tasks.execution.ProblemsTaskPathTrackingTaskExecuter.execute(ProblemsTaskPathTrackingTaskExecuter.java:40)
	at org.gradle.api.internal.tasks.execution.FinalizePropertiesTaskExecuter.execute(FinalizePropertiesTaskExecuter.java:46)
	at org.gradle.api.internal.tasks.execution.ResolveTaskExecutionModeExecuter.execute(ResolveTaskExecutionModeExecuter.java:51)
	at org.gradle.api.internal.tasks.execution.SkipTaskWithNoActionsExecuter.execute(SkipTaskWithNoActionsExecuter.java:57)
	at org.gradle.api.internal.tasks.execution.SkipOnlyIfTaskExecuter.execute(SkipOnlyIfTaskExecuter.java:74)
	at org.gradle.api.internal.tasks.execution.CatchExceptionTaskExecuter.execute(CatchExceptionTaskExecuter.java:36)
	at org.gradle.api.internal.tasks.execution.EventFiringTaskExecuter$1.executeTask(EventFiringTaskExecuter.java:77)
	at org.gradle.api.internal.tasks.execution.EventFiringTaskExecuter$1.call(EventFiringTaskExecuter.java:55)
	at org.gradle.api.internal.tasks.execution.EventFiringTaskExecuter$1.call(EventFiringTaskExecuter.java:52)
	at org.gradle.internal.operations.DefaultBuildOperationRunner$CallableBuildOperationWorker.execute(DefaultBuildOperationRunner.java:210)
	at org.gradle.internal.operations.DefaultBuildOperationRunner$CallableBuildOperationWorker.execute(DefaultBuildOperationRunner.java:205)
	at org.gradle.internal.operations.DefaultBuildOperationRunner$2.execute(DefaultBuildOperationRunner.java:67)
	at org.gradle.internal.operations.DefaultBuildOperationRunner$2.execute(DefaultBuildOperationRunner.java:60)
	at org.gradle.internal.operations.DefaultBuildOperationRunner.execute(DefaultBuildOperationRunner.java:167)
	at org.gradle.internal.operations.DefaultBuildOperationRunner.execute(DefaultBuildOperationRunner.java:60)
	at org.gradle.internal.operations.DefaultBuildOperationRunner.call(DefaultBuildOperationRunner.java:54)
	at org.gradle.api.internal.tasks.execution.EventFiringTaskExecuter.execute(EventFiringTaskExecuter.java:52)
	at org.gradle.execution.plan.LocalTaskNodeExecutor.execute(LocalTaskNodeExecutor.java:42)
	at org.gradle.execution.taskgraph.DefaultTaskExecutionGraph$InvokeNodeExecutorsAction.execute(DefaultTaskExecutionGraph.java:331)
	at org.gradle.execution.taskgraph.DefaultTaskExecutionGraph$InvokeNodeExecutorsAction.execute(DefaultTaskExecutionGraph.java:318)
	at org.gradle.execution.taskgraph.DefaultTaskExecutionGraph$BuildOperationAwareExecutionAction.lambda$execute$0(DefaultTaskExecutionGraph.java:314)
	at org.gradle.internal.operations.CurrentBuildOperationRef.with(CurrentBuildOperationRef.java:85)
	at org.gradle.execution.taskgraph.DefaultTaskExecutionGraph$BuildOperationAwareExecutionAction.execute(DefaultTaskExecutionGraph.java:314)
	at org.gradle.execution.taskgraph.DefaultTaskExecutionGraph$BuildOperationAwareExecutionAction.execute(DefaultTaskExecutionGraph.java:303)
	at org.gradle.execution.plan.DefaultPlanExecutor$ExecutorWorker.execute(DefaultPlanExecutor.java:459)
	at org.gradle.execution.plan.DefaultPlanExecutor$ExecutorWorker.run(DefaultPlanExecutor.java:376)
	at org.gradle.execution.plan.DefaultPlanExecutor.process(DefaultPlanExecutor.java:111)
	at org.gradle.execution.taskgraph.DefaultTaskExecutionGraph.executeWithServices(DefaultTaskExecutionGraph.java:138)
	at org.gradle.execution.taskgraph.DefaultTaskExecutionGraph.execute(DefaultTaskExecutionGraph.java:123)
	at org.gradle.execution.SelectedTaskExecutionAction.execute(SelectedTaskExecutionAction.java:35)
	at org.gradle.execution.DryRunBuildExecutionAction.execute(DryRunBuildExecutionAction.java:51)
	at org.gradle.execution.BuildOperationFiringBuildWorkerExecutor$ExecuteTasks.call(BuildOperationFiringBuildWorkerExecutor.java:54)
	at org.gradle.execution.BuildOperationFiringBuildWorkerExecutor$ExecuteTasks.call(BuildOperationFiringBuildWorkerExecutor.java:43)
	at org.gradle.internal.operations.DefaultBuildOperationRunner$CallableBuildOperationWorker.execute(DefaultBuildOperationRunner.java:210)
	at org.gradle.internal.operations.DefaultBuildOperationRunner$CallableBuildOperationWorker.execute(DefaultBuildOperationRunner.java:205)
	at org.gradle.internal.operations.DefaultBuildOperationRunner$2.execute(DefaultBuildOperationRunner.java:67)
	at org.gradle.internal.operations.DefaultBuildOperationRunner$2.execute(DefaultBuildOperationRunner.java:60)
	at org.gradle.internal.operations.DefaultBuildOperationRunner.execute(DefaultBuildOperationRunner.java:167)
	at org.gradle.internal.operations.DefaultBuildOperationRunner.execute(DefaultBuildOperationRunner.java:60)
	at org.gradle.internal.operations.DefaultBuildOperationRunner.call(DefaultBuildOperationRunner.java:54)
	at org.gradle.execution.BuildOperationFiringBuildWorkerExecutor.execute(BuildOperationFiringBuildWorkerExecutor.java:40)
	at org.gradle.internal.build.DefaultBuildLifecycleController.lambda$executeTasks$10(DefaultBuildLifecycleController.java:313)
	at org.gradle.internal.model.StateTransitionController.doTransition(StateTransitionController.java:266)
	at org.gradle.internal.model.StateTransitionController.lambda$tryTransition$8(StateTransitionController.java:177)
	at org.gradle.internal.work.DefaultSynchronizer.withLock(DefaultSynchronizer.java:46)
	at org.gradle.internal.model.StateTransitionController.tryTransition(StateTransitionController.java:177)
	at org.gradle.internal.build.DefaultBuildLifecycleController.executeTasks(DefaultBuildLifecycleController.java:304)
	at org.gradle.internal.build.DefaultBuildWorkGraphController$DefaultBuildWorkGraph.runWork(DefaultBuildWorkGraphController.java:220)
	at org.gradle.internal.work.DefaultWorkerLeaseService.withLocks(DefaultWorkerLeaseService.java:263)
	at org.gradle.internal.work.DefaultWorkerLeaseService.runAsWorkerThread(DefaultWorkerLeaseService.java:127)
	at org.gradle.composite.internal.DefaultBuildController.doRun(DefaultBuildController.java:181)
	at org.gradle.composite.internal.DefaultBuildController.access$000(DefaultBuildController.java:50)
	at org.gradle.composite.internal.DefaultBuildController$BuildOpRunnable.lambda$run$0(DefaultBuildController.java:198)
	at org.gradle.internal.operations.CurrentBuildOperationRef.with(CurrentBuildOperationRef.java:85)
	at org.gradle.composite.internal.DefaultBuildController$BuildOpRunnable.run(DefaultBuildController.java:198)
	at org.gradle.internal.concurrent.ExecutorPolicy$CatchAndRecordFailures.onExecute(ExecutorPolicy.java:64)
	at org.gradle.internal.concurrent.AbstractManagedExecutor$1.run(AbstractManagedExecutor.java:48)
Caused by: com.android.ide.common.symbols.ResourceDirectoryParseException: Failed to parse XML file 'C:\Users\ledan\Documents\GitHub\NT118_EnglishVocabApp\app\build\intermediates\packaged_res\debug\packageDebugResources\drawable-night-v8\circle_avatar_bg.xml'
	at com.android.ide.common.symbols.ResourceDirectoryParser.parseResourceFile(ResourceDirectoryParser.kt:230)
	at com.android.ide.common.symbols.ResourceDirectoryParser.parseResourceDirectory(ResourceDirectoryParser.kt:151)
	at com.android.ide.common.symbols.ResourceDirectoryParser.parseResourceSourceSetDirectory(ResourceDirectoryParser.kt:102)
	at com.android.build.gradle.internal.res.ParseLibraryResourcesTaskKt.doFullTaskAction(ParseLibraryResourcesTask.kt:228)
	at com.android.build.gradle.internal.res.ParseLibraryResourcesTask$ParseResourcesRunnable.run(ParseLibraryResourcesTask.kt:147)
	at com.android.build.gradle.internal.profile.ProfileAwareWorkAction.execute(ProfileAwareWorkAction.kt:74)
	at org.gradle.workers.internal.DefaultWorkerServer.execute(DefaultWorkerServer.java:63)
	at org.gradle.workers.internal.NoIsolationWorkerFactory$1$1.create(NoIsolationWorkerFactory.java:66)
	at org.gradle.workers.internal.NoIsolationWorkerFactory$1$1.create(NoIsolationWorkerFactory.java:62)
	at org.gradle.internal.classloader.ClassLoaderUtils.executeInClassloader(ClassLoaderUtils.java:100)
	at org.gradle.workers.internal.NoIsolationWorkerFactory$1.lambda$execute$0(NoIsolationWorkerFactory.java:62)
	at org.gradle.workers.internal.AbstractWorker$1.call(AbstractWorker.java:44)
	at org.gradle.workers.internal.AbstractWorker$1.call(AbstractWorker.java:41)
	at org.gradle.internal.operations.DefaultBuildOperationRunner$CallableBuildOperationWorker.execute(DefaultBuildOperationRunner.java:210)
	at org.gradle.internal.operations.DefaultBuildOperationRunner$CallableBuildOperationWorker.execute(DefaultBuildOperationRunner.java:205)
	at org.gradle.internal.operations.DefaultBuildOperationRunner$2.execute(DefaultBuildOperationRunner.java:67)
	at org.gradle.internal.operations.DefaultBuildOperationRunner$2.execute(DefaultBuildOperationRunner.java:60)
	at org.gradle.internal.operations.DefaultBuildOperationRunner.execute(DefaultBuildOperationRunner.java:167)
	at org.gradle.internal.operations.DefaultBuildOperationRunner.execute(DefaultBuildOperationRunner.java:60)
	at org.gradle.internal.operations.DefaultBuildOperationRunner.call(DefaultBuildOperationRunner.java:54)
	at org.gradle.workers.internal.AbstractWorker.executeWrappedInBuildOperation(AbstractWorker.java:41)
	at org.gradle.workers.internal.NoIsolationWorkerFactory$1.execute(NoIsolationWorkerFactory.java:59)
	at org.gradle.workers.internal.DefaultWorkerExecutor.lambda$submitWork$0(DefaultWorkerExecutor.java:174)
	at org.gradle.internal.work.DefaultConditionalExecutionQueue$ExecutionRunner.runExecution(DefaultConditionalExecutionQueue.java:194)
	at org.gradle.internal.work.DefaultConditionalExecutionQueue$ExecutionRunner.access$700(DefaultConditionalExecutionQueue.java:127)
	at org.gradle.internal.work.DefaultConditionalExecutionQueue$ExecutionRunner$1.run(DefaultConditionalExecutionQueue.java:169)
	at org.gradle.internal.Factories$1.create(Factories.java:31)
	at org.gradle.internal.work.DefaultWorkerLeaseService.withLocks(DefaultWorkerLeaseService.java:263)
	at org.gradle.internal.work.DefaultWorkerLeaseService.runAsWorkerThread(DefaultWorkerLeaseService.java:127)
	at org.gradle.internal.work.DefaultWorkerLeaseService.runAsWorkerThread(DefaultWorkerLeaseService.java:132)
	at org.gradle.internal.work.DefaultConditionalExecutionQueue$ExecutionRunner.runBatch(DefaultConditionalExecutionQueue.java:164)
	at org.gradle.internal.work.DefaultConditionalExecutionQueue$ExecutionRunner.run(DefaultConditionalExecutionQueue.java:133)
	... 2 more
Caused by: org.xml.sax.SAXParseException; systemId: file:/C:/Users/ledan/Documents/GitHub/NT118_EnglishVocabApp/app/build/intermediates/packaged_res/debug/packageDebugResources/drawable-night-v8/circle_avatar_bg.xml; lineNumber: 1; columnNumber: 1; Premature end of file.
	at java.xml/com.sun.org.apache.xerces.internal.parsers.DOMParser.parse(DOMParser.java:262)
	at java.xml/com.sun.org.apache.xerces.internal.jaxp.DocumentBuilderImpl.parse(DocumentBuilderImpl.java:342)
	at com.android.ide.common.symbols.ResourceDirectoryParser.parseResourceFile(ResourceDirectoryParser.kt:225)
	... 33 more


BUILD FAILED in 15s
12 actionable tasks: 2 executed, 10 up-to-date
Watched directory hierarchies: [C:\Users\ledan\Documents\GitHub\NT118_EnglishVocabApp]
